Component: ARM Compiler 5.06 update 5 (build 528) Tool: armlink [4d35e2]

==============================================================================

Section Cross References

    main.o(i.main) refers to target.o(i.cpu_setup) for cpu_setup
    main.o(i.main) refers to target.o(i.clock_setup) for clock_setup
    main.o(i.main) refers to target.o(i.gpio_setup) for gpio_setup
    target.o(i.clock_setup) refers to rcc.o(i.rcc_clock_setup_in_hse_8mhz_out_72mhz) for rcc_clock_setup_in_hse_8mhz_out_72mhz
    target.o(i.gpio_setup) refers to rcc_common_all.o(i.rcc_periph_clock_enable) for rcc_periph_clock_enable
    target.o(i.gpio_setup) refers to gpio_common_all.o(i.gpio_clear) for gpio_clear
    target.o(i.gpio_setup) refers to gpio.o(i.gpio_set_mode) for gpio_set_mode
    target.o(i.gpio_setup) refers to rcc_common_all.o(i.rcc_set_mco) for rcc_set_mco
    target.o(i.led_bit) refers to gpio_common_all.o(i.gpio_set) for gpio_set
    target.o(i.led_bit) refers to gpio_common_all.o(i.gpio_clear) for gpio_clear
    target.o(i.led_num) refers to gpio_common_all.o(i.gpio_set) for gpio_set
    target.o(i.led_num) refers to gpio_common_all.o(i.gpio_clear) for gpio_clear
    target.o(i.target_console_init) refers to rcc_common_all.o(i.rcc_periph_clock_enable) for rcc_periph_clock_enable
    target.o(i.target_console_init) refers to gpio.o(i.gpio_set_mode) for gpio_set_mode
    rcc.o(i.rcc_clock_setup_in_hse_12mhz_out_72mhz) refers to rcc.o(i.rcc_osc_on) for rcc_osc_on
    rcc.o(i.rcc_clock_setup_in_hse_12mhz_out_72mhz) refers to rcc.o(i.rcc_wait_for_osc_ready) for rcc_wait_for_osc_ready
    rcc.o(i.rcc_clock_setup_in_hse_12mhz_out_72mhz) refers to rcc.o(i.rcc_set_sysclk_source) for rcc_set_sysclk_source
    rcc.o(i.rcc_clock_setup_in_hse_12mhz_out_72mhz) refers to rcc.o(i.rcc_set_hpre) for rcc_set_hpre
    rcc.o(i.rcc_clock_setup_in_hse_12mhz_out_72mhz) refers to rcc.o(i.rcc_set_adcpre) for rcc_set_adcpre
    rcc.o(i.rcc_clock_setup_in_hse_12mhz_out_72mhz) refers to rcc.o(i.rcc_set_ppre1) for rcc_set_ppre1
    rcc.o(i.rcc_clock_setup_in_hse_12mhz_out_72mhz) refers to rcc.o(i.rcc_set_ppre2) for rcc_set_ppre2
    rcc.o(i.rcc_clock_setup_in_hse_12mhz_out_72mhz) refers to flash_common_f01.o(i.flash_set_ws) for flash_set_ws
    rcc.o(i.rcc_clock_setup_in_hse_12mhz_out_72mhz) refers to rcc.o(i.rcc_set_pll_multiplication_factor) for rcc_set_pll_multiplication_factor
    rcc.o(i.rcc_clock_setup_in_hse_12mhz_out_72mhz) refers to rcc.o(i.rcc_set_pll_source) for rcc_set_pll_source
    rcc.o(i.rcc_clock_setup_in_hse_12mhz_out_72mhz) refers to rcc.o(i.rcc_set_pllxtpre) for rcc_set_pllxtpre
    rcc.o(i.rcc_clock_setup_in_hse_12mhz_out_72mhz) refers to rcc.o(.data) for rcc_ahb_frequency
    rcc.o(i.rcc_clock_setup_in_hse_16mhz_out_72mhz) refers to rcc.o(i.rcc_osc_on) for rcc_osc_on
    rcc.o(i.rcc_clock_setup_in_hse_16mhz_out_72mhz) refers to rcc.o(i.rcc_wait_for_osc_ready) for rcc_wait_for_osc_ready
    rcc.o(i.rcc_clock_setup_in_hse_16mhz_out_72mhz) refers to rcc.o(i.rcc_set_sysclk_source) for rcc_set_sysclk_source
    rcc.o(i.rcc_clock_setup_in_hse_16mhz_out_72mhz) refers to rcc.o(i.rcc_set_hpre) for rcc_set_hpre
    rcc.o(i.rcc_clock_setup_in_hse_16mhz_out_72mhz) refers to rcc.o(i.rcc_set_adcpre) for rcc_set_adcpre
    rcc.o(i.rcc_clock_setup_in_hse_16mhz_out_72mhz) refers to rcc.o(i.rcc_set_ppre1) for rcc_set_ppre1
    rcc.o(i.rcc_clock_setup_in_hse_16mhz_out_72mhz) refers to rcc.o(i.rcc_set_ppre2) for rcc_set_ppre2
    rcc.o(i.rcc_clock_setup_in_hse_16mhz_out_72mhz) refers to flash_common_f01.o(i.flash_set_ws) for flash_set_ws
    rcc.o(i.rcc_clock_setup_in_hse_16mhz_out_72mhz) refers to rcc.o(i.rcc_set_pll_multiplication_factor) for rcc_set_pll_multiplication_factor
    rcc.o(i.rcc_clock_setup_in_hse_16mhz_out_72mhz) refers to rcc.o(i.rcc_set_pll_source) for rcc_set_pll_source
    rcc.o(i.rcc_clock_setup_in_hse_16mhz_out_72mhz) refers to rcc.o(i.rcc_set_pllxtpre) for rcc_set_pllxtpre
    rcc.o(i.rcc_clock_setup_in_hse_16mhz_out_72mhz) refers to rcc.o(.data) for rcc_ahb_frequency
    rcc.o(i.rcc_clock_setup_in_hse_25mhz_out_72mhz) refers to rcc.o(i.rcc_osc_on) for rcc_osc_on
    rcc.o(i.rcc_clock_setup_in_hse_25mhz_out_72mhz) refers to rcc.o(i.rcc_wait_for_osc_ready) for rcc_wait_for_osc_ready
    rcc.o(i.rcc_clock_setup_in_hse_25mhz_out_72mhz) refers to rcc.o(i.rcc_set_sysclk_source) for rcc_set_sysclk_source
    rcc.o(i.rcc_clock_setup_in_hse_25mhz_out_72mhz) refers to flash_common_f01.o(i.flash_set_ws) for flash_set_ws
    rcc.o(i.rcc_clock_setup_in_hse_25mhz_out_72mhz) refers to rcc.o(i.rcc_set_hpre) for rcc_set_hpre
    rcc.o(i.rcc_clock_setup_in_hse_25mhz_out_72mhz) refers to rcc.o(i.rcc_set_adcpre) for rcc_set_adcpre
    rcc.o(i.rcc_clock_setup_in_hse_25mhz_out_72mhz) refers to rcc.o(i.rcc_set_ppre1) for rcc_set_ppre1
    rcc.o(i.rcc_clock_setup_in_hse_25mhz_out_72mhz) refers to rcc.o(i.rcc_set_ppre2) for rcc_set_ppre2
    rcc.o(i.rcc_clock_setup_in_hse_25mhz_out_72mhz) refers to rcc.o(i.rcc_set_prediv2) for rcc_set_prediv2
    rcc.o(i.rcc_clock_setup_in_hse_25mhz_out_72mhz) refers to rcc.o(i.rcc_set_pll2_multiplication_factor) for rcc_set_pll2_multiplication_factor
    rcc.o(i.rcc_clock_setup_in_hse_25mhz_out_72mhz) refers to rcc.o(i.rcc_set_pllxtpre) for rcc_set_pllxtpre
    rcc.o(i.rcc_clock_setup_in_hse_25mhz_out_72mhz) refers to rcc.o(i.rcc_set_prediv1_source) for rcc_set_prediv1_source
    rcc.o(i.rcc_clock_setup_in_hse_25mhz_out_72mhz) refers to rcc.o(i.rcc_set_prediv1) for rcc_set_prediv1
    rcc.o(i.rcc_clock_setup_in_hse_25mhz_out_72mhz) refers to rcc.o(i.rcc_set_pll_multiplication_factor) for rcc_set_pll_multiplication_factor
    rcc.o(i.rcc_clock_setup_in_hse_25mhz_out_72mhz) refers to rcc.o(i.rcc_set_pll_source) for rcc_set_pll_source
    rcc.o(i.rcc_clock_setup_in_hse_25mhz_out_72mhz) refers to rcc.o(i.rcc_set_usbpre) for rcc_set_usbpre
    rcc.o(i.rcc_clock_setup_in_hse_25mhz_out_72mhz) refers to rcc.o(.data) for rcc_ahb_frequency
    rcc.o(i.rcc_clock_setup_in_hse_8mhz_out_24mhz) refers to rcc.o(i.rcc_osc_on) for rcc_osc_on
    rcc.o(i.rcc_clock_setup_in_hse_8mhz_out_24mhz) refers to rcc.o(i.rcc_wait_for_osc_ready) for rcc_wait_for_osc_ready
    rcc.o(i.rcc_clock_setup_in_hse_8mhz_out_24mhz) refers to rcc.o(i.rcc_set_sysclk_source) for rcc_set_sysclk_source
    rcc.o(i.rcc_clock_setup_in_hse_8mhz_out_24mhz) refers to rcc.o(i.rcc_set_hpre) for rcc_set_hpre
    rcc.o(i.rcc_clock_setup_in_hse_8mhz_out_24mhz) refers to rcc.o(i.rcc_set_adcpre) for rcc_set_adcpre
    rcc.o(i.rcc_clock_setup_in_hse_8mhz_out_24mhz) refers to rcc.o(i.rcc_set_ppre1) for rcc_set_ppre1
    rcc.o(i.rcc_clock_setup_in_hse_8mhz_out_24mhz) refers to rcc.o(i.rcc_set_ppre2) for rcc_set_ppre2
    rcc.o(i.rcc_clock_setup_in_hse_8mhz_out_24mhz) refers to flash_common_f01.o(i.flash_set_ws) for flash_set_ws
    rcc.o(i.rcc_clock_setup_in_hse_8mhz_out_24mhz) refers to rcc.o(i.rcc_set_pll_multiplication_factor) for rcc_set_pll_multiplication_factor
    rcc.o(i.rcc_clock_setup_in_hse_8mhz_out_24mhz) refers to rcc.o(i.rcc_set_pll_source) for rcc_set_pll_source
    rcc.o(i.rcc_clock_setup_in_hse_8mhz_out_24mhz) refers to rcc.o(i.rcc_set_pllxtpre) for rcc_set_pllxtpre
    rcc.o(i.rcc_clock_setup_in_hse_8mhz_out_24mhz) refers to rcc.o(.data) for rcc_ahb_frequency
    rcc.o(i.rcc_clock_setup_in_hse_8mhz_out_72mhz) refers to rcc.o(i.rcc_osc_on) for rcc_osc_on
    rcc.o(i.rcc_clock_setup_in_hse_8mhz_out_72mhz) refers to rcc.o(i.rcc_wait_for_osc_ready) for rcc_wait_for_osc_ready
    rcc.o(i.rcc_clock_setup_in_hse_8mhz_out_72mhz) refers to rcc.o(i.rcc_set_sysclk_source) for rcc_set_sysclk_source
    rcc.o(i.rcc_clock_setup_in_hse_8mhz_out_72mhz) refers to rcc.o(i.rcc_set_hpre) for rcc_set_hpre
    rcc.o(i.rcc_clock_setup_in_hse_8mhz_out_72mhz) refers to rcc.o(i.rcc_set_adcpre) for rcc_set_adcpre
    rcc.o(i.rcc_clock_setup_in_hse_8mhz_out_72mhz) refers to rcc.o(i.rcc_set_ppre1) for rcc_set_ppre1
    rcc.o(i.rcc_clock_setup_in_hse_8mhz_out_72mhz) refers to rcc.o(i.rcc_set_ppre2) for rcc_set_ppre2
    rcc.o(i.rcc_clock_setup_in_hse_8mhz_out_72mhz) refers to flash_common_f01.o(i.flash_set_ws) for flash_set_ws
    rcc.o(i.rcc_clock_setup_in_hse_8mhz_out_72mhz) refers to rcc.o(i.rcc_set_pll_multiplication_factor) for rcc_set_pll_multiplication_factor
    rcc.o(i.rcc_clock_setup_in_hse_8mhz_out_72mhz) refers to rcc.o(i.rcc_set_pll_source) for rcc_set_pll_source
    rcc.o(i.rcc_clock_setup_in_hse_8mhz_out_72mhz) refers to rcc.o(i.rcc_set_pllxtpre) for rcc_set_pllxtpre
    rcc.o(i.rcc_clock_setup_in_hse_8mhz_out_72mhz) refers to rcc.o(.data) for rcc_ahb_frequency
    rcc.o(i.rcc_clock_setup_in_hsi_out_24mhz) refers to rcc.o(i.rcc_osc_on) for rcc_osc_on
    rcc.o(i.rcc_clock_setup_in_hsi_out_24mhz) refers to rcc.o(i.rcc_wait_for_osc_ready) for rcc_wait_for_osc_ready
    rcc.o(i.rcc_clock_setup_in_hsi_out_24mhz) refers to rcc.o(i.rcc_set_sysclk_source) for rcc_set_sysclk_source
    rcc.o(i.rcc_clock_setup_in_hsi_out_24mhz) refers to rcc.o(i.rcc_set_hpre) for rcc_set_hpre
    rcc.o(i.rcc_clock_setup_in_hsi_out_24mhz) refers to rcc.o(i.rcc_set_adcpre) for rcc_set_adcpre
    rcc.o(i.rcc_clock_setup_in_hsi_out_24mhz) refers to rcc.o(i.rcc_set_ppre1) for rcc_set_ppre1
    rcc.o(i.rcc_clock_setup_in_hsi_out_24mhz) refers to rcc.o(i.rcc_set_ppre2) for rcc_set_ppre2
    rcc.o(i.rcc_clock_setup_in_hsi_out_24mhz) refers to flash_common_f01.o(i.flash_set_ws) for flash_set_ws
    rcc.o(i.rcc_clock_setup_in_hsi_out_24mhz) refers to rcc.o(i.rcc_set_pll_multiplication_factor) for rcc_set_pll_multiplication_factor
    rcc.o(i.rcc_clock_setup_in_hsi_out_24mhz) refers to rcc.o(i.rcc_set_pll_source) for rcc_set_pll_source
    rcc.o(i.rcc_clock_setup_in_hsi_out_24mhz) refers to rcc.o(.data) for rcc_ahb_frequency
    rcc.o(i.rcc_clock_setup_in_hsi_out_48mhz) refers to rcc.o(i.rcc_osc_on) for rcc_osc_on
    rcc.o(i.rcc_clock_setup_in_hsi_out_48mhz) refers to rcc.o(i.rcc_wait_for_osc_ready) for rcc_wait_for_osc_ready
    rcc.o(i.rcc_clock_setup_in_hsi_out_48mhz) refers to rcc.o(i.rcc_set_sysclk_source) for rcc_set_sysclk_source
    rcc.o(i.rcc_clock_setup_in_hsi_out_48mhz) refers to rcc.o(i.rcc_set_hpre) for rcc_set_hpre
    rcc.o(i.rcc_clock_setup_in_hsi_out_48mhz) refers to rcc.o(i.rcc_set_adcpre) for rcc_set_adcpre
    rcc.o(i.rcc_clock_setup_in_hsi_out_48mhz) refers to rcc.o(i.rcc_set_ppre1) for rcc_set_ppre1
    rcc.o(i.rcc_clock_setup_in_hsi_out_48mhz) refers to rcc.o(i.rcc_set_ppre2) for rcc_set_ppre2
    rcc.o(i.rcc_clock_setup_in_hsi_out_48mhz) refers to rcc.o(i.rcc_set_usbpre) for rcc_set_usbpre
    rcc.o(i.rcc_clock_setup_in_hsi_out_48mhz) refers to flash_common_f01.o(i.flash_set_ws) for flash_set_ws
    rcc.o(i.rcc_clock_setup_in_hsi_out_48mhz) refers to rcc.o(i.rcc_set_pll_multiplication_factor) for rcc_set_pll_multiplication_factor
    rcc.o(i.rcc_clock_setup_in_hsi_out_48mhz) refers to rcc.o(i.rcc_set_pll_source) for rcc_set_pll_source
    rcc.o(i.rcc_clock_setup_in_hsi_out_48mhz) refers to rcc.o(.data) for rcc_ahb_frequency
    rcc.o(i.rcc_clock_setup_in_hsi_out_64mhz) refers to rcc.o(i.rcc_osc_on) for rcc_osc_on
    rcc.o(i.rcc_clock_setup_in_hsi_out_64mhz) refers to rcc.o(i.rcc_wait_for_osc_ready) for rcc_wait_for_osc_ready
    rcc.o(i.rcc_clock_setup_in_hsi_out_64mhz) refers to rcc.o(i.rcc_set_sysclk_source) for rcc_set_sysclk_source
    rcc.o(i.rcc_clock_setup_in_hsi_out_64mhz) refers to rcc.o(i.rcc_set_hpre) for rcc_set_hpre
    rcc.o(i.rcc_clock_setup_in_hsi_out_64mhz) refers to rcc.o(i.rcc_set_adcpre) for rcc_set_adcpre
    rcc.o(i.rcc_clock_setup_in_hsi_out_64mhz) refers to rcc.o(i.rcc_set_ppre1) for rcc_set_ppre1
    rcc.o(i.rcc_clock_setup_in_hsi_out_64mhz) refers to rcc.o(i.rcc_set_ppre2) for rcc_set_ppre2
    rcc.o(i.rcc_clock_setup_in_hsi_out_64mhz) refers to flash_common_f01.o(i.flash_set_ws) for flash_set_ws
    rcc.o(i.rcc_clock_setup_in_hsi_out_64mhz) refers to rcc.o(i.rcc_set_pll_multiplication_factor) for rcc_set_pll_multiplication_factor
    rcc.o(i.rcc_clock_setup_in_hsi_out_64mhz) refers to rcc.o(i.rcc_set_pll_source) for rcc_set_pll_source
    rcc.o(i.rcc_clock_setup_in_hsi_out_64mhz) refers to rcc.o(.data) for rcc_ahb_frequency
    rcc.o(i.rcc_osc_ready_int_flag) refers to assert.o(i.cm3_assert_failed) for cm3_assert_failed
    rcc.o(i.rcc_wait_for_osc_ready) refers to rcc.o(i.rcc_is_osc_ready) for rcc_is_osc_ready
    gpio_common_all.o(i.gpio_get) refers to gpio_common_all.o(i.gpio_port_read) for gpio_port_read
    assert.o(i.cm3_assert_failed_verbose) refers to assert.o(i.cm3_assert_failed) for cm3_assert_failed
    flash_common_f01.o(i.flash_erase_option_bytes) refers to flash_common_f01.o(i.flash_wait_for_last_operation) for flash_wait_for_last_operation
    flash_common_f01.o(i.flash_erase_option_bytes) refers to flash_common_f01.o(i.flash_unlock_option_bytes) for flash_unlock_option_bytes
    flash_common_f01.o(i.flash_program_option_bytes) refers to flash_common_f01.o(i.flash_wait_for_last_operation) for flash_wait_for_last_operation
    flash_common_f01.o(i.flash_program_option_bytes) refers to flash_common_f01.o(i.flash_unlock_option_bytes) for flash_unlock_option_bytes
    flash_common_f01.o(i.flash_program_word) refers to flash.o(i.flash_program_half_word) for flash_program_half_word
    flash_common_f01.o(i.flash_wait_for_last_operation) refers to flash.o(i.flash_get_status_flags) for flash_get_status_flags
    flash.o(i.flash_clear_status_flags) refers to flash_common_f01.o(i.flash_clear_pgerr_flag) for flash_clear_pgerr_flag
    flash.o(i.flash_clear_status_flags) refers to flash_common_f01.o(i.flash_clear_eop_flag) for flash_clear_eop_flag
    flash.o(i.flash_clear_status_flags) refers to flash_common_f01.o(i.flash_clear_wrprterr_flag) for flash_clear_wrprterr_flag
    flash.o(i.flash_clear_status_flags) refers to flash_common_f01.o(i.flash_clear_bsy_flag) for flash_clear_bsy_flag
    flash.o(i.flash_clear_status_flags) refers to flash.o(i.flash_clear_pgerr_flag_upper) for flash_clear_pgerr_flag_upper
    flash.o(i.flash_clear_status_flags) refers to flash.o(i.flash_clear_eop_flag_upper) for flash_clear_eop_flag_upper
    flash.o(i.flash_clear_status_flags) refers to flash.o(i.flash_clear_wrprterr_flag_upper) for flash_clear_wrprterr_flag_upper
    flash.o(i.flash_clear_status_flags) refers to flash.o(i.flash_clear_bsy_flag_upper) for flash_clear_bsy_flag_upper
    flash.o(i.flash_erase_all_pages) refers to flash_common_f01.o(i.flash_wait_for_last_operation) for flash_wait_for_last_operation
    flash.o(i.flash_erase_page) refers to flash_common_f01.o(i.flash_wait_for_last_operation) for flash_wait_for_last_operation
    flash.o(i.flash_program_half_word) refers to flash_common_f01.o(i.flash_wait_for_last_operation) for flash_wait_for_last_operation
    usb_setup.o(i.target_usb_init) refers to rcc_common_all.o(i.rcc_periph_reset_pulse) for rcc_periph_reset_pulse
    usb_setup.o(i.target_usb_init) refers to gpio_common_all.o(i.gpio_set) for gpio_set
    usb_setup.o(i.target_usb_init) refers to st_usbfs_v1.o(.constdata) for st_usbfs_v1_usb_driver
    st_usbfs_v1.o(i.st_usbfs_v1_usbd_init) refers to rcc_common_all.o(i.rcc_periph_clock_enable) for rcc_periph_clock_enable
    st_usbfs_v1.o(i.st_usbfs_v1_usbd_init) refers to st_usbfs_core.o(.bss) for st_usbfs_dev
    st_usbfs_v1.o(.constdata) refers to st_usbfs_v1.o(i.st_usbfs_v1_usbd_init) for st_usbfs_v1_usbd_init
    st_usbfs_v1.o(.constdata) refers to st_usbfs_core.o(i.st_usbfs_set_address) for st_usbfs_set_address
    st_usbfs_v1.o(.constdata) refers to st_usbfs_core.o(i.st_usbfs_ep_setup) for st_usbfs_ep_setup
    st_usbfs_v1.o(.constdata) refers to st_usbfs_core.o(i.st_usbfs_endpoints_reset) for st_usbfs_endpoints_reset
    st_usbfs_v1.o(.constdata) refers to st_usbfs_core.o(i.st_usbfs_ep_stall_set) for st_usbfs_ep_stall_set
    st_usbfs_v1.o(.constdata) refers to st_usbfs_core.o(i.st_usbfs_ep_nak_set) for st_usbfs_ep_nak_set
    st_usbfs_v1.o(.constdata) refers to st_usbfs_core.o(i.st_usbfs_ep_stall_get) for st_usbfs_ep_stall_get
    st_usbfs_v1.o(.constdata) refers to st_usbfs_core.o(i.st_usbfs_ep_write_packet) for st_usbfs_ep_write_packet
    st_usbfs_v1.o(.constdata) refers to st_usbfs_core.o(i.st_usbfs_ep_read_packet) for st_usbfs_ep_read_packet
    st_usbfs_v1.o(.constdata) refers to st_usbfs_core.o(i.st_usbfs_poll) for st_usbfs_poll
    usb.o(i._usbd_reset) refers to usb.o(i.usbd_ep_setup) for usbd_ep_setup
    usb.o(i.usbd_init) refers to usb_control.o(i._usbd_control_setup) for _usbd_control_setup
    usb.o(i.usbd_init) refers to usb_control.o(i._usbd_control_out) for _usbd_control_out
    usb.o(i.usbd_init) refers to usb_control.o(i._usbd_control_in) for _usbd_control_in
    usb_standard.o(i._usbd_standard_request) refers to usb_standard.o(i._usbd_standard_request_device) for _usbd_standard_request_device
    usb_standard.o(i._usbd_standard_request) refers to usb_standard.o(i._usbd_standard_request_interface) for _usbd_standard_request_interface
    usb_standard.o(i._usbd_standard_request) refers to usb_standard.o(i._usbd_standard_request_endpoint) for _usbd_standard_request_endpoint
    usb_standard.o(i._usbd_standard_request_device) refers to usb_standard.o(i.usb_standard_set_address) for usb_standard_set_address
    usb_standard.o(i._usbd_standard_request_device) refers to usb_standard.o(i.usb_standard_set_configuration) for usb_standard_set_configuration
    usb_standard.o(i._usbd_standard_request_device) refers to usb_standard.o(i.usb_standard_get_configuration) for usb_standard_get_configuration
    usb_standard.o(i._usbd_standard_request_device) refers to usb_standard.o(i.usb_standard_get_descriptor) for usb_standard_get_descriptor
    usb_standard.o(i._usbd_standard_request_device) refers to usb_standard.o(i.usb_standard_device_get_status) for usb_standard_device_get_status
    usb_standard.o(i._usbd_standard_request_endpoint) refers to usb_standard.o(i.usb_standard_endpoint_unstall) for usb_standard_endpoint_unstall
    usb_standard.o(i._usbd_standard_request_endpoint) refers to usb_standard.o(i.usb_standard_endpoint_stall) for usb_standard_endpoint_stall
    usb_standard.o(i._usbd_standard_request_endpoint) refers to usb_standard.o(i.usb_standard_endpoint_get_status) for usb_standard_endpoint_get_status
    usb_standard.o(i._usbd_standard_request_interface) refers to usb_standard.o(i.usb_standard_get_interface) for usb_standard_get_interface
    usb_standard.o(i._usbd_standard_request_interface) refers to usb_standard.o(i.usb_standard_set_interface) for usb_standard_set_interface
    usb_standard.o(i._usbd_standard_request_interface) refers to usb_standard.o(i.usb_standard_interface_get_status) for usb_standard_interface_get_status
    usb_standard.o(i.build_config_descriptor) refers to rt_memcpy_v6.o(.text) for __aeabi_memcpy
    usb_standard.o(i.usb_standard_endpoint_get_status) refers to usb.o(i.usbd_ep_stall_get) for usbd_ep_stall_get
    usb_standard.o(i.usb_standard_endpoint_stall) refers to usb.o(i.usbd_ep_stall_set) for usbd_ep_stall_set
    usb_standard.o(i.usb_standard_endpoint_unstall) refers to usb.o(i.usbd_ep_stall_set) for usbd_ep_stall_set
    usb_standard.o(i.usb_standard_get_descriptor) refers to usb_standard.o(i.usb_descriptor_index) for usb_descriptor_index
    usb_standard.o(i.usb_standard_get_descriptor) refers to usb_standard.o(i.usb_descriptor_type) for usb_descriptor_type
    usb_standard.o(i.usb_standard_get_descriptor) refers to usb_standard.o(i.build_config_descriptor) for build_config_descriptor
    usb_standard.o(i.usb_standard_get_descriptor) refers to strlen.o(.text) for strlen
    usb_control.o(i._usbd_control_in) refers to usb_control.o(i.usb_control_send_chunk) for usb_control_send_chunk
    usb_control.o(i._usbd_control_in) refers to usb.o(i.usbd_ep_nak_set) for usbd_ep_nak_set
    usb_control.o(i._usbd_control_in) refers to usb_control.o(i.stall_transaction) for stall_transaction
    usb_control.o(i._usbd_control_out) refers to usb_control.o(i.usb_control_recv_chunk) for usb_control_recv_chunk
    usb_control.o(i._usbd_control_out) refers to usb_control.o(i.usb_control_request_dispatch) for usb_control_request_dispatch
    usb_control.o(i._usbd_control_out) refers to usb.o(i.usbd_ep_write_packet) for usbd_ep_write_packet
    usb_control.o(i._usbd_control_out) refers to usb_control.o(i.stall_transaction) for stall_transaction
    usb_control.o(i._usbd_control_out) refers to usb.o(i.usbd_ep_read_packet) for usbd_ep_read_packet
    usb_control.o(i._usbd_control_setup) refers to usb.o(i.usbd_ep_nak_set) for usbd_ep_nak_set
    usb_control.o(i._usbd_control_setup) refers to usb.o(i.usbd_ep_read_packet) for usbd_ep_read_packet
    usb_control.o(i._usbd_control_setup) refers to usb_control.o(i.stall_transaction) for stall_transaction
    usb_control.o(i._usbd_control_setup) refers to usb_control.o(i.usb_control_setup_read) for usb_control_setup_read
    usb_control.o(i._usbd_control_setup) refers to usb_control.o(i.usb_control_setup_write) for usb_control_setup_write
    usb_control.o(i.stall_transaction) refers to usb.o(i.usbd_ep_stall_set) for usbd_ep_stall_set
    usb_control.o(i.usb_control_recv_chunk) refers to usb.o(i.usbd_ep_read_packet) for usbd_ep_read_packet
    usb_control.o(i.usb_control_recv_chunk) refers to usb_control.o(i.stall_transaction) for stall_transaction
    usb_control.o(i.usb_control_request_dispatch) refers to usb_standard.o(i._usbd_standard_request) for _usbd_standard_request
    usb_control.o(i.usb_control_send_chunk) refers to usb.o(i.usbd_ep_write_packet) for usbd_ep_write_packet
    usb_control.o(i.usb_control_setup_read) refers to usb_control.o(i.usb_control_request_dispatch) for usb_control_request_dispatch
    usb_control.o(i.usb_control_setup_read) refers to usb_control.o(i.needs_zlp) for needs_zlp
    usb_control.o(i.usb_control_setup_read) refers to usb_control.o(i.usb_control_send_chunk) for usb_control_send_chunk
    usb_control.o(i.usb_control_setup_read) refers to usb.o(i.usbd_ep_write_packet) for usbd_ep_write_packet
    usb_control.o(i.usb_control_setup_read) refers to usb_control.o(i.stall_transaction) for stall_transaction
    usb_control.o(i.usb_control_setup_write) refers to usb_control.o(i.stall_transaction) for stall_transaction
    usb_control.o(i.usb_control_setup_write) refers to usb.o(i.usbd_ep_nak_set) for usbd_ep_nak_set
    st_usbfs_core.o(i.st_usbfs_ep_nak_set) refers to st_usbfs_core.o(.data) for st_usbfs_force_nak
    st_usbfs_core.o(i.st_usbfs_ep_read_packet) refers to st_usbfs_v1.o(i.st_usbfs_copy_from_pm) for st_usbfs_copy_from_pm
    st_usbfs_core.o(i.st_usbfs_ep_read_packet) refers to st_usbfs_core.o(.data) for st_usbfs_force_nak
    st_usbfs_core.o(i.st_usbfs_ep_setup) refers to st_usbfs_core.o(i.st_usbfs_set_ep_rx_bufsize) for st_usbfs_set_ep_rx_bufsize
    st_usbfs_core.o(i.st_usbfs_ep_setup) refers to st_usbfs_core.o(.constdata) for .constdata
    st_usbfs_core.o(i.st_usbfs_ep_write_packet) refers to st_usbfs_v1.o(i.st_usbfs_copy_to_pm) for st_usbfs_copy_to_pm
    st_usbfs_core.o(i.st_usbfs_poll) refers to usb.o(i._usbd_reset) for _usbd_reset
    startup_stm32f10x_md.o(STACK) refers (Special) to heapauxi.o(.text) for __use_two_region_memory
    startup_stm32f10x_md.o(HEAP) refers (Special) to heapauxi.o(.text) for __use_two_region_memory
    startup_stm32f10x_md.o(RESET) refers (Special) to heapauxi.o(.text) for __use_two_region_memory
    startup_stm32f10x_md.o(RESET) refers to startup_stm32f10x_md.o(STACK) for __initial_sp
    startup_stm32f10x_md.o(RESET) refers to startup_stm32f10x_md.o(.text) for Reset_Handler
    startup_stm32f10x_md.o(.text) refers (Special) to heapauxi.o(.text) for __use_two_region_memory
    startup_stm32f10x_md.o(.text) refers to system_stm32f10x.o(i.SystemInit) for SystemInit
    startup_stm32f10x_md.o(.text) refers to __main.o(!!!main) for __main
    startup_stm32f10x_md.o(.text) refers to startup_stm32f10x_md.o(HEAP) for Heap_Mem
    startup_stm32f10x_md.o(.text) refers to startup_stm32f10x_md.o(STACK) for Stack_Mem
    system_stm32f10x.o(i.SetSysClock) refers to system_stm32f10x.o(i.SetSysClockTo72) for SetSysClockTo72
    system_stm32f10x.o(i.SystemCoreClockUpdate) refers to system_stm32f10x.o(.data) for SystemCoreClock
    system_stm32f10x.o(i.SystemInit) refers to system_stm32f10x.o(i.SetSysClock) for SetSysClock
    rt_memcpy_v6.o(.text) refers to rt_memcpy_w.o(.text) for __aeabi_memcpy4
    __main.o(!!!main) refers to __rtentry.o(.ARM.Collect$$rtentry$$00000000) for __rt_entry
    __rtentry.o(.ARM.Collect$$rtentry$$00000000) refers (Special) to __rtentry2.o(.ARM.Collect$$rtentry$$0000000A) for __rt_entry_li
    __rtentry.o(.ARM.Collect$$rtentry$$00000000) refers (Special) to __rtentry2.o(.ARM.Collect$$rtentry$$0000000D) for __rt_entry_main
    __rtentry.o(.ARM.Collect$$rtentry$$00000000) refers (Special) to __rtentry2.o(.ARM.Collect$$rtentry$$0000000C) for __rt_entry_postli_1
    __rtentry.o(.ARM.Collect$$rtentry$$00000000) refers (Special) to __rtentry2.o(.ARM.Collect$$rtentry$$00000009) for __rt_entry_postsh_1
    __rtentry.o(.ARM.Collect$$rtentry$$00000000) refers (Special) to __rtentry2.o(.ARM.Collect$$rtentry$$00000002) for __rt_entry_presh_1
    __rtentry.o(.ARM.Collect$$rtentry$$00000000) refers (Special) to __rtentry4.o(.ARM.Collect$$rtentry$$00000004) for __rt_entry_sh
    __rtentry2.o(.ARM.Collect$$rtentry$$00000008) refers to boardinit2.o(.text) for _platform_post_stackheap_init
    __rtentry2.o(.ARM.Collect$$rtentry$$0000000A) refers to libinit.o(.ARM.Collect$$libinit$$00000000) for __rt_lib_init
    __rtentry2.o(.ARM.Collect$$rtentry$$0000000B) refers to boardinit3.o(.text) for _platform_post_lib_init
    __rtentry2.o(.ARM.Collect$$rtentry$$0000000D) refers to main.o(i.main) for main
    __rtentry2.o(.ARM.Collect$$rtentry$$0000000D) refers to exit.o(.text) for exit
    __rtentry2.o(.ARM.exidx) refers to __rtentry2.o(.ARM.Collect$$rtentry$$00000001) for .ARM.Collect$$rtentry$$00000001
    __rtentry2.o(.ARM.exidx) refers to __rtentry2.o(.ARM.Collect$$rtentry$$00000008) for .ARM.Collect$$rtentry$$00000008
    __rtentry2.o(.ARM.exidx) refers to __rtentry2.o(.ARM.Collect$$rtentry$$0000000A) for .ARM.Collect$$rtentry$$0000000A
    __rtentry2.o(.ARM.exidx) refers to __rtentry2.o(.ARM.Collect$$rtentry$$0000000B) for .ARM.Collect$$rtentry$$0000000B
    __rtentry2.o(.ARM.exidx) refers to __rtentry2.o(.ARM.Collect$$rtentry$$0000000D) for .ARM.Collect$$rtentry$$0000000D
    __rtentry4.o(.ARM.Collect$$rtentry$$00000004) refers to sys_stackheap_outer.o(.text) for __user_setup_stackheap
    __rtentry4.o(.ARM.exidx) refers to __rtentry4.o(.ARM.Collect$$rtentry$$00000004) for .ARM.Collect$$rtentry$$00000004
    sys_stackheap_outer.o(.text) refers to libspace.o(.text) for __user_perproc_libspace
    sys_stackheap_outer.o(.text) refers to startup_stm32f10x_md.o(.text) for __user_initial_stackheap
    exit.o(.text) refers to rtexit.o(.ARM.Collect$$rtexit$$00000000) for __rt_exit
    libinit.o(.ARM.Collect$$libinit$$00000000) refers (Special) to libinit2.o(.ARM.Collect$$libinit$$0000002E) for __rt_lib_init_alloca_1
    libinit.o(.ARM.Collect$$libinit$$00000000) refers (Special) to libinit2.o(.ARM.Collect$$libinit$$0000002C) for __rt_lib_init_argv_1
    libinit.o(.ARM.Collect$$libinit$$00000000) refers (Special) to libinit2.o(.ARM.Collect$$libinit$$0000001B) for __rt_lib_init_atexit_1
    libinit.o(.ARM.Collect$$libinit$$00000000) refers (Special) to libinit2.o(.ARM.Collect$$libinit$$00000021) for __rt_lib_init_clock_1
    libinit.o(.ARM.Collect$$libinit$$00000000) refers (Special) to libinit2.o(.ARM.Collect$$libinit$$00000032) for __rt_lib_init_cpp_1
    libinit.o(.ARM.Collect$$libinit$$00000000) refers (Special) to libinit2.o(.ARM.Collect$$libinit$$00000030) for __rt_lib_init_exceptions_1
    libinit.o(.ARM.Collect$$libinit$$00000000) refers (Special) to libinit2.o(.ARM.Collect$$libinit$$00000002) for __rt_lib_init_fp_1
    libinit.o(.ARM.Collect$$libinit$$00000000) refers (Special) to libinit2.o(.ARM.Collect$$libinit$$0000001F) for __rt_lib_init_fp_trap_1
    libinit.o(.ARM.Collect$$libinit$$00000000) refers (Special) to libinit2.o(.ARM.Collect$$libinit$$00000023) for __rt_lib_init_getenv_1
    libinit.o(.ARM.Collect$$libinit$$00000000) refers (Special) to libinit2.o(.ARM.Collect$$libinit$$0000000A) for __rt_lib_init_heap_1
    libinit.o(.ARM.Collect$$libinit$$00000000) refers (Special) to libinit2.o(.ARM.Collect$$libinit$$00000011) for __rt_lib_init_lc_collate_1
    libinit.o(.ARM.Collect$$libinit$$00000000) refers (Special) to libinit2.o(.ARM.Collect$$libinit$$00000013) for __rt_lib_init_lc_ctype_1
    libinit.o(.ARM.Collect$$libinit$$00000000) refers (Special) to libinit2.o(.ARM.Collect$$libinit$$00000015) for __rt_lib_init_lc_monetary_1
    libinit.o(.ARM.Collect$$libinit$$00000000) refers (Special) to libinit2.o(.ARM.Collect$$libinit$$00000017) for __rt_lib_init_lc_numeric_1
    libinit.o(.ARM.Collect$$libinit$$00000000) refers (Special) to libinit2.o(.ARM.Collect$$libinit$$00000019) for __rt_lib_init_lc_time_1
    libinit.o(.ARM.Collect$$libinit$$00000000) refers (Special) to libinit2.o(.ARM.Collect$$libinit$$00000004) for __rt_lib_init_preinit_1
    libinit.o(.ARM.Collect$$libinit$$00000000) refers (Special) to libinit2.o(.ARM.Collect$$libinit$$0000000E) for __rt_lib_init_rand_1
    libinit.o(.ARM.Collect$$libinit$$00000000) refers (Special) to libinit2.o(.ARM.Collect$$libinit$$00000033) for __rt_lib_init_return
    libinit.o(.ARM.Collect$$libinit$$00000000) refers (Special) to libinit2.o(.ARM.Collect$$libinit$$0000001D) for __rt_lib_init_signal_1
    libinit.o(.ARM.Collect$$libinit$$00000000) refers (Special) to libinit2.o(.ARM.Collect$$libinit$$00000025) for __rt_lib_init_stdio_1
    libinit.o(.ARM.Collect$$libinit$$00000000) refers (Special) to libinit2.o(.ARM.Collect$$libinit$$0000000C) for __rt_lib_init_user_alloc_1
    libspace.o(.text) refers to libspace.o(.bss) for __libspace_start
    rtexit.o(.ARM.Collect$$rtexit$$00000000) refers (Special) to rtexit2.o(.ARM.Collect$$rtexit$$00000004) for __rt_exit_exit
    rtexit.o(.ARM.Collect$$rtexit$$00000000) refers (Special) to rtexit2.o(.ARM.Collect$$rtexit$$00000003) for __rt_exit_ls
    rtexit.o(.ARM.Collect$$rtexit$$00000000) refers (Special) to rtexit2.o(.ARM.Collect$$rtexit$$00000002) for __rt_exit_prels_1
    rtexit.o(.ARM.exidx) refers (Special) to rtexit2.o(.ARM.Collect$$rtexit$$00000004) for __rt_exit_exit
    rtexit.o(.ARM.exidx) refers (Special) to rtexit2.o(.ARM.Collect$$rtexit$$00000003) for __rt_exit_ls
    rtexit.o(.ARM.exidx) refers (Special) to rtexit2.o(.ARM.Collect$$rtexit$$00000002) for __rt_exit_prels_1
    rtexit.o(.ARM.exidx) refers to rtexit.o(.ARM.Collect$$rtexit$$00000000) for .ARM.Collect$$rtexit$$00000000
    libinit2.o(.ARM.Collect$$libinit$$00000010) refers to libinit2.o(.ARM.Collect$$libinit$$0000000F) for .ARM.Collect$$libinit$$0000000F
    libinit2.o(.ARM.Collect$$libinit$$00000012) refers to libinit2.o(.ARM.Collect$$libinit$$0000000F) for .ARM.Collect$$libinit$$0000000F
    libinit2.o(.ARM.Collect$$libinit$$00000014) refers to libinit2.o(.ARM.Collect$$libinit$$0000000F) for .ARM.Collect$$libinit$$0000000F
    libinit2.o(.ARM.Collect$$libinit$$00000016) refers to libinit2.o(.ARM.Collect$$libinit$$0000000F) for .ARM.Collect$$libinit$$0000000F
    libinit2.o(.ARM.Collect$$libinit$$00000018) refers to libinit2.o(.ARM.Collect$$libinit$$0000000F) for .ARM.Collect$$libinit$$0000000F
    libinit2.o(.ARM.Collect$$libinit$$00000026) refers to argv_veneer.o(.emb_text) for __ARM_argv_veneer
    libinit2.o(.ARM.Collect$$libinit$$00000027) refers to argv_veneer.o(.emb_text) for __ARM_argv_veneer
    rtexit2.o(.ARM.Collect$$rtexit$$00000003) refers to libshutdown.o(.ARM.Collect$$libshutdown$$00000000) for __rt_lib_shutdown
    rtexit2.o(.ARM.Collect$$rtexit$$00000004) refers to sys_exit.o(.text) for _sys_exit
    rtexit2.o(.ARM.exidx) refers to rtexit2.o(.ARM.Collect$$rtexit$$00000001) for .ARM.Collect$$rtexit$$00000001
    rtexit2.o(.ARM.exidx) refers to rtexit2.o(.ARM.Collect$$rtexit$$00000003) for .ARM.Collect$$rtexit$$00000003
    rtexit2.o(.ARM.exidx) refers to rtexit2.o(.ARM.Collect$$rtexit$$00000004) for .ARM.Collect$$rtexit$$00000004
    argv_veneer.o(.emb_text) refers to no_argv.o(.text) for __ARM_get_argv
    sys_exit.o(.text) refers (Special) to use_no_semi.o(.text) for __I$use$semihosting
    sys_exit.o(.text) refers (Special) to indicate_semi.o(.text) for __semihosting_library_function
    _get_argv_nomalloc.o(.text) refers (Special) to hrguard.o(.text) for __heap_region$guard
    _get_argv_nomalloc.o(.text) refers to defsig_rtmem_outer.o(.text) for __rt_SIGRTMEM
    _get_argv_nomalloc.o(.text) refers to sys_command.o(.text) for _sys_command_string
    libshutdown.o(.ARM.Collect$$libshutdown$$00000000) refers (Special) to libshutdown2.o(.ARM.Collect$$libshutdown$$00000002) for __rt_lib_shutdown_cpp_1
    libshutdown.o(.ARM.Collect$$libshutdown$$00000000) refers (Special) to libshutdown2.o(.ARM.Collect$$libshutdown$$00000007) for __rt_lib_shutdown_fp_trap_1
    libshutdown.o(.ARM.Collect$$libshutdown$$00000000) refers (Special) to libshutdown2.o(.ARM.Collect$$libshutdown$$0000000F) for __rt_lib_shutdown_heap_1
    libshutdown.o(.ARM.Collect$$libshutdown$$00000000) refers (Special) to libshutdown2.o(.ARM.Collect$$libshutdown$$00000010) for __rt_lib_shutdown_return
    libshutdown.o(.ARM.Collect$$libshutdown$$00000000) refers (Special) to libshutdown2.o(.ARM.Collect$$libshutdown$$0000000A) for __rt_lib_shutdown_signal_1
    libshutdown.o(.ARM.Collect$$libshutdown$$00000000) refers (Special) to libshutdown2.o(.ARM.Collect$$libshutdown$$00000004) for __rt_lib_shutdown_stdio_1
    libshutdown.o(.ARM.Collect$$libshutdown$$00000000) refers (Special) to libshutdown2.o(.ARM.Collect$$libshutdown$$0000000C) for __rt_lib_shutdown_user_alloc_1
    sys_command.o(.text) refers (Special) to use_no_semi.o(.text) for __I$use$semihosting
    sys_command.o(.text) refers (Special) to indicate_semi.o(.text) for __semihosting_library_function
    defsig_rtmem_outer.o(.text) refers to defsig_rtmem_inner.o(.text) for __rt_SIGRTMEM_inner
    defsig_rtmem_outer.o(.text) refers to defsig_exit.o(.text) for __sig_exit
    defsig_rtmem_formal.o(.text) refers to rt_raise.o(.text) for __rt_raise
    rt_raise.o(.text) refers to __raise.o(.text) for __raise
    rt_raise.o(.text) refers to sys_exit.o(.text) for _sys_exit
    defsig_exit.o(.text) refers to sys_exit.o(.text) for _sys_exit
    defsig_rtmem_inner.o(.text) refers to defsig_general.o(.text) for __default_signal_display
    __raise.o(.text) refers to defsig.o(CL$$defsig) for __default_signal_handler
    defsig_general.o(.text) refers to sys_wrch.o(.text) for _ttywrch
    sys_wrch.o(.text) refers (Special) to use_no_semi.o(.text) for __I$use$semihosting
    sys_wrch.o(.text) refers (Special) to indicate_semi.o(.text) for __semihosting_library_function
    defsig.o(CL$$defsig) refers to defsig_rtmem_inner.o(.text) for __rt_SIGRTMEM_inner
    defsig_abrt_inner.o(.text) refers to defsig_general.o(.text) for __default_signal_display
    defsig_fpe_inner.o(.text) refers to defsig_general.o(.text) for __default_signal_display
    defsig_rtred_inner.o(.text) refers to defsig_general.o(.text) for __default_signal_display
    defsig_stak_inner.o(.text) refers to defsig_general.o(.text) for __default_signal_display
    defsig_pvfn_inner.o(.text) refers to defsig_general.o(.text) for __default_signal_display
    defsig_cppl_inner.o(.text) refers to defsig_general.o(.text) for __default_signal_display
    defsig_segv_inner.o(.text) refers to defsig_general.o(.text) for __default_signal_display
    defsig_other.o(.text) refers to defsig_general.o(.text) for __default_signal_display


==============================================================================

Removing Unused input sections from the image.

    Removing target.o(i.led_bit), (48 bytes).
    Removing target.o(i.led_num), (40 bytes).
    Removing target.o(i.target_console_init), (40 bytes).
    Removing gpio.o(i.gpio_primary_remap), (28 bytes).
    Removing gpio.o(i.gpio_secondary_remap), (16 bytes).
    Removing gpio.o(i.gpio_set_eventout), (16 bytes).
    Removing rcc.o(i.rcc_backupdomain_reset), (28 bytes).
    Removing rcc.o(i.rcc_clock_setup_in_hse_12mhz_out_72mhz), (140 bytes).
    Removing rcc.o(i.rcc_clock_setup_in_hse_16mhz_out_72mhz), (140 bytes).
    Removing rcc.o(i.rcc_clock_setup_in_hse_25mhz_out_72mhz), (164 bytes).
    Removing rcc.o(i.rcc_clock_setup_in_hse_8mhz_out_24mhz), (136 bytes).
    Removing rcc.o(i.rcc_clock_setup_in_hsi_out_24mhz), (112 bytes).
    Removing rcc.o(i.rcc_clock_setup_in_hsi_out_48mhz), (124 bytes).
    Removing rcc.o(i.rcc_clock_setup_in_hsi_out_64mhz), (116 bytes).
    Removing rcc.o(i.rcc_css_disable), (20 bytes).
    Removing rcc.o(i.rcc_css_enable), (20 bytes).
    Removing rcc.o(i.rcc_css_int_clear), (20 bytes).
    Removing rcc.o(i.rcc_css_int_flag), (16 bytes).
    Removing rcc.o(i.rcc_enable_rtc_clock), (20 bytes).
    Removing rcc.o(i.rcc_osc_off), (124 bytes).
    Removing rcc.o(i.rcc_osc_ready_int_clear), (124 bytes).
    Removing rcc.o(i.rcc_osc_ready_int_disable), (124 bytes).
    Removing rcc.o(i.rcc_osc_ready_int_enable), (124 bytes).
    Removing rcc.o(i.rcc_osc_ready_int_flag), (100 bytes).
    Removing rcc.o(i.rcc_rtc_clock_enabled_flag), (16 bytes).
    Removing rcc.o(i.rcc_set_pll2_multiplication_factor), (24 bytes).
    Removing rcc.o(i.rcc_set_pll3_multiplication_factor), (24 bytes).
    Removing rcc.o(i.rcc_set_prediv1), (20 bytes).
    Removing rcc.o(i.rcc_set_prediv1_source), (36 bytes).
    Removing rcc.o(i.rcc_set_prediv2), (24 bytes).
    Removing rcc.o(i.rcc_set_rtc_clock_source), (196 bytes).
    Removing rcc.o(i.rcc_set_usbpre), (36 bytes).
    Removing rcc.o(i.rcc_system_clock_source), (16 bytes).
    Removing nvic.o(i.nvic_clear_pending_irq), (42 bytes).
    Removing nvic.o(i.nvic_disable_irq), (42 bytes).
    Removing nvic.o(i.nvic_enable_irq), (42 bytes).
    Removing nvic.o(i.nvic_get_irq_enabled), (54 bytes).
    Removing nvic.o(i.nvic_get_pending_irq), (54 bytes).
    Removing nvic.o(i.nvic_set_pending_irq), (42 bytes).
    Removing nvic.o(i.nvic_set_priority), (30 bytes).
    Removing gpio_common_all.o(i.gpio_get), (16 bytes).
    Removing gpio_common_all.o(i.gpio_port_config_lock), (26 bytes).
    Removing gpio_common_all.o(i.gpio_port_read), (8 bytes).
    Removing gpio_common_all.o(i.gpio_port_write), (4 bytes).
    Removing gpio_common_all.o(i.gpio_set), (4 bytes).
    Removing gpio_common_all.o(i.gpio_toggle), (20 bytes).
    Removing rcc_common_all.o(i.rcc_osc_bypass_disable), (48 bytes).
    Removing rcc_common_all.o(i.rcc_osc_bypass_enable), (48 bytes).
    Removing rcc_common_all.o(i.rcc_periph_clock_disable), (32 bytes).
    Removing rcc_common_all.o(i.rcc_periph_reset_hold), (32 bytes).
    Removing rcc_common_all.o(i.rcc_periph_reset_pulse), (60 bytes).
    Removing rcc_common_all.o(i.rcc_periph_reset_release), (32 bytes).
    Removing rcc_common_all.o(i.rcc_peripheral_clear_reset), (8 bytes).
    Removing rcc_common_all.o(i.rcc_peripheral_disable_clock), (8 bytes).
    Removing rcc_common_all.o(i.rcc_peripheral_enable_clock), (8 bytes).
    Removing rcc_common_all.o(i.rcc_peripheral_reset), (8 bytes).
    Removing assert.o(i.cm3_assert_failed), (4 bytes).
    Removing assert.o(i.cm3_assert_failed_verbose), (4 bytes).
    Removing flash_common_f01.o(i.flash_clear_bsy_flag), (20 bytes).
    Removing flash_common_f01.o(i.flash_clear_eop_flag), (20 bytes).
    Removing flash_common_f01.o(i.flash_clear_pgerr_flag), (20 bytes).
    Removing flash_common_f01.o(i.flash_clear_wrprterr_flag), (20 bytes).
    Removing flash_common_f01.o(i.flash_erase_option_bytes), (64 bytes).
    Removing flash_common_f01.o(i.flash_lock), (20 bytes).
    Removing flash_common_f01.o(i.flash_prefetch_disable), (20 bytes).
    Removing flash_common_f01.o(i.flash_prefetch_enable), (20 bytes).
    Removing flash_common_f01.o(i.flash_program_option_bytes), (60 bytes).
    Removing flash_common_f01.o(i.flash_program_word), (24 bytes).
    Removing flash_common_f01.o(i.flash_unlock), (36 bytes).
    Removing flash_common_f01.o(i.flash_unlock_option_bytes), (24 bytes).
    Removing flash_common_f01.o(i.flash_wait_for_last_operation), (18 bytes).
    Removing flash.o(i.flash_clear_bsy_flag_upper), (32 bytes).
    Removing flash.o(i.flash_clear_eop_flag_upper), (32 bytes).
    Removing flash.o(i.flash_clear_pgerr_flag_upper), (32 bytes).
    Removing flash.o(i.flash_clear_status_flags), (52 bytes).
    Removing flash.o(i.flash_clear_wrprterr_flag_upper), (32 bytes).
    Removing flash.o(i.flash_erase_all_pages), (88 bytes).
    Removing flash.o(i.flash_erase_page), (136 bytes).
    Removing flash.o(i.flash_get_status_flags), (40 bytes).
    Removing flash.o(i.flash_halfcycle_disable), (20 bytes).
    Removing flash.o(i.flash_halfcycle_enable), (20 bytes).
    Removing flash.o(i.flash_lock_upper), (20 bytes).
    Removing flash.o(i.flash_program_half_word), (116 bytes).
    Removing flash.o(i.flash_unlock_upper), (48 bytes).
    Removing usb_setup.o(i.target_usb_init), (32 bytes).
    Removing st_usbfs_v1.o(i.st_usbfs_copy_from_pm), (42 bytes).
    Removing st_usbfs_v1.o(i.st_usbfs_copy_to_pm), (28 bytes).
    Removing st_usbfs_v1.o(i.st_usbfs_v1_usbd_init), (48 bytes).
    Removing st_usbfs_v1.o(.constdata), (52 bytes).
    Removing usb.o(i._usbd_reset), (48 bytes).
    Removing usb.o(i.usbd_disconnect), (28 bytes).
    Removing usb.o(i.usbd_ep_nak_set), (24 bytes).
    Removing usb.o(i.usbd_ep_read_packet), (34 bytes).
    Removing usb.o(i.usbd_ep_setup), (42 bytes).
    Removing usb.o(i.usbd_ep_stall_get), (20 bytes).
    Removing usb.o(i.usbd_ep_stall_set), (24 bytes).
    Removing usb.o(i.usbd_ep_write_packet), (34 bytes).
    Removing usb.o(i.usbd_init), (100 bytes).
    Removing usb.o(i.usbd_poll), (16 bytes).
    Removing usb.o(i.usbd_register_reset_callback), (4 bytes).
    Removing usb.o(i.usbd_register_resume_callback), (4 bytes).
    Removing usb.o(i.usbd_register_sof_callback), (4 bytes).
    Removing usb.o(i.usbd_register_suspend_callback), (4 bytes).
    Removing usb_standard.o(i._usbd_standard_request), (90 bytes).
    Removing usb_standard.o(i._usbd_standard_request_device), (104 bytes).
    Removing usb_standard.o(i._usbd_standard_request_endpoint), (88 bytes).
    Removing usb_standard.o(i._usbd_standard_request_interface), (92 bytes).
    Removing usb_standard.o(i.build_config_descriptor), (532 bytes).
    Removing usb_standard.o(i.usb_descriptor_index), (6 bytes).
    Removing usb_standard.o(i.usb_descriptor_type), (6 bytes).
    Removing usb_standard.o(i.usb_standard_device_get_status), (28 bytes).
    Removing usb_standard.o(i.usb_standard_endpoint_get_status), (54 bytes).
    Removing usb_standard.o(i.usb_standard_endpoint_stall), (28 bytes).
    Removing usb_standard.o(i.usb_standard_endpoint_unstall), (28 bytes).
    Removing usb_standard.o(i.usb_standard_get_configuration), (54 bytes).
    Removing usb_standard.o(i.usb_standard_get_descriptor), (264 bytes).
    Removing usb_standard.o(i.usb_standard_get_interface), (66 bytes).
    Removing usb_standard.o(i.usb_standard_interface_get_status), (28 bytes).
    Removing usb_standard.o(i.usb_standard_set_address), (58 bytes).
    Removing usb_standard.o(i.usb_standard_set_configuration), (214 bytes).
    Removing usb_standard.o(i.usb_standard_set_interface), (116 bytes).
    Removing usb_standard.o(i.usbd_register_set_altsetting_callback), (6 bytes).
    Removing usb_standard.o(i.usbd_register_set_config_callback), (44 bytes).
    Removing usb_control.o(i._usbd_control_in), (110 bytes).
    Removing usb_control.o(i._usbd_control_out), (160 bytes).
    Removing usb_control.o(i._usbd_control_setup), (90 bytes).
    Removing usb_control.o(i.needs_zlp), (26 bytes).
    Removing usb_control.o(i.stall_transaction), (22 bytes).
    Removing usb_control.o(i.usb_control_recv_chunk), (76 bytes).
    Removing usb_control.o(i.usb_control_request_dispatch), (106 bytes).
    Removing usb_control.o(i.usb_control_send_chunk), (96 bytes).
    Removing usb_control.o(i.usb_control_setup_read), (80 bytes).
    Removing usb_control.o(i.usb_control_setup_write), (68 bytes).
    Removing usb_control.o(i.usbd_register_control_callback), (66 bytes).
    Removing st_usbfs_core.o(i.st_usbfs_endpoints_reset), (108 bytes).
    Removing st_usbfs_core.o(i.st_usbfs_ep_nak_set), (116 bytes).
    Removing st_usbfs_core.o(i.st_usbfs_ep_read_packet), (224 bytes).
    Removing st_usbfs_core.o(i.st_usbfs_ep_setup), (344 bytes).
    Removing st_usbfs_core.o(i.st_usbfs_ep_stall_get), (64 bytes).
    Removing st_usbfs_core.o(i.st_usbfs_ep_stall_set), (228 bytes).
    Removing st_usbfs_core.o(i.st_usbfs_ep_write_packet), (148 bytes).
    Removing st_usbfs_core.o(i.st_usbfs_poll), (312 bytes).
    Removing st_usbfs_core.o(i.st_usbfs_set_address), (20 bytes).
    Removing st_usbfs_core.o(i.st_usbfs_set_ep_rx_bufsize), (88 bytes).
    Removing st_usbfs_core.o(.bss), (252 bytes).
    Removing st_usbfs_core.o(.constdata), (8 bytes).
    Removing st_usbfs_core.o(.data), (8 bytes).
    Removing system_stm32f10x.o(.rev16_text), (4 bytes).
    Removing system_stm32f10x.o(.revsh_text), (4 bytes).
    Removing system_stm32f10x.o(.rrx_text), (6 bytes).
    Removing system_stm32f10x.o(i.SystemCoreClockUpdate), (164 bytes).
    Removing system_stm32f10x.o(.data), (20 bytes).

152 unused section(s) (total 9454 bytes) removed from the image.

==============================================================================

Image Symbol Table

    Local Symbols

    Symbol Name                              Value     Ov Type        Size  Object(Section)

    ../clib/angel/boardlib.s                 0x00000000   Number         0  boardinit1.o ABSOLUTE
    ../clib/angel/boardlib.s                 0x00000000   Number         0  boardinit2.o ABSOLUTE
    ../clib/angel/boardlib.s                 0x00000000   Number         0  boardinit3.o ABSOLUTE
    ../clib/angel/boardlib.s                 0x00000000   Number         0  boardshut.o ABSOLUTE
    ../clib/angel/handlers.s                 0x00000000   Number         0  __scatter_zi.o ABSOLUTE
    ../clib/angel/handlers.s                 0x00000000   Number         0  __scatter_copy.o ABSOLUTE
    ../clib/angel/kernel.s                   0x00000000   Number         0  rtexit2.o ABSOLUTE
    ../clib/angel/kernel.s                   0x00000000   Number         0  __rtentry4.o ABSOLUTE
    ../clib/angel/kernel.s                   0x00000000   Number         0  rtexit.o ABSOLUTE
    ../clib/angel/kernel.s                   0x00000000   Number         0  __rtentry.o ABSOLUTE
    ../clib/angel/kernel.s                   0x00000000   Number         0  __rtentry2.o ABSOLUTE
    ../clib/angel/rt.s                       0x00000000   Number         0  rt_raise.o ABSOLUTE
    ../clib/angel/scatter.s                  0x00000000   Number         0  __scatter.o ABSOLUTE
    ../clib/angel/startup.s                  0x00000000   Number         0  __main.o ABSOLUTE
    ../clib/angel/sys.s                      0x00000000   Number         0  use_no_semi.o ABSOLUTE
    ../clib/angel/sys.s                      0x00000000   Number         0  sys_stackheap_outer.o ABSOLUTE
    ../clib/angel/sys.s                      0x00000000   Number         0  libspace.o ABSOLUTE
    ../clib/angel/sys.s                      0x00000000   Number         0  indicate_semi.o ABSOLUTE
    ../clib/angel/sysapp.c                   0x00000000   Number         0  sys_wrch.o ABSOLUTE
    ../clib/angel/sysapp.c                   0x00000000   Number         0  sys_command.o ABSOLUTE
    ../clib/angel/sysapp.c                   0x00000000   Number         0  sys_exit.o ABSOLUTE
    ../clib/armsys.c                         0x00000000   Number         0  _get_argv_nomalloc.o ABSOLUTE
    ../clib/armsys.c                         0x00000000   Number         0  argv_veneer.o ABSOLUTE
    ../clib/armsys.c                         0x00000000   Number         0  no_argv.o ABSOLUTE
    ../clib/armsys.c                         0x00000000   Number         0  argv_veneer.o ABSOLUTE
    ../clib/heapalloc.c                      0x00000000   Number         0  hrguard.o ABSOLUTE
    ../clib/heapaux.c                        0x00000000   Number         0  heapauxi.o ABSOLUTE
    ../clib/libinit.s                        0x00000000   Number         0  libinit2.o ABSOLUTE
    ../clib/libinit.s                        0x00000000   Number         0  libinit.o ABSOLUTE
    ../clib/libinit.s                        0x00000000   Number         0  libshutdown2.o ABSOLUTE
    ../clib/libinit.s                        0x00000000   Number         0  libshutdown.o ABSOLUTE
    ../clib/memcpset.s                       0x00000000   Number         0  rt_memcpy_w.o ABSOLUTE
    ../clib/memcpset.s                       0x00000000   Number         0  rt_memcpy_v6.o ABSOLUTE
    ../clib/signal.c                         0x00000000   Number         0  defsig_abrt_inner.o ABSOLUTE
    ../clib/signal.c                         0x00000000   Number         0  defsig_rtred_inner.o ABSOLUTE
    ../clib/signal.c                         0x00000000   Number         0  defsig_general.o ABSOLUTE
    ../clib/signal.c                         0x00000000   Number         0  __raise.o ABSOLUTE
    ../clib/signal.c                         0x00000000   Number         0  defsig_rtmem_inner.o ABSOLUTE
    ../clib/signal.c                         0x00000000   Number         0  defsig_rtmem_formal.o ABSOLUTE
    ../clib/signal.c                         0x00000000   Number         0  defsig_rtmem_outer.o ABSOLUTE
    ../clib/signal.c                         0x00000000   Number         0  defsig_other.o ABSOLUTE
    ../clib/signal.c                         0x00000000   Number         0  defsig_segv_inner.o ABSOLUTE
    ../clib/signal.c                         0x00000000   Number         0  defsig_exit.o ABSOLUTE
    ../clib/signal.c                         0x00000000   Number         0  defsig_cppl_inner.o ABSOLUTE
    ../clib/signal.c                         0x00000000   Number         0  defsig_pvfn_inner.o ABSOLUTE
    ../clib/signal.c                         0x00000000   Number         0  defsig_stak_inner.o ABSOLUTE
    ../clib/signal.c                         0x00000000   Number         0  defsig_fpe_inner.o ABSOLUTE
    ../clib/signal.s                         0x00000000   Number         0  defsig.o ABSOLUTE
    ../clib/stdlib.c                         0x00000000   Number         0  exit.o ABSOLUTE
    ../clib/string.c                         0x00000000   Number         0  strlen.o ABSOLUTE
    ../fplib/fpinit.s                        0x00000000   Number         0  fpinit.o ABSOLUTE
    RTE\Device\STM32F103C8\startup_stm32f10x_md.s 0x00000000   Number         0  startup_stm32f10x_md.o ABSOLUTE
    RTE\Device\STM32F103C8\system_stm32f10x.c 0x00000000   Number         0  system_stm32f10x.o ABSOLUTE
    RTE\\Device\\STM32F103C8\\system_stm32f10x.c 0x00000000   Number         0  system_stm32f10x.o ABSOLUTE
    dc.s                                     0x00000000   Number         0  dc.o ABSOLUTE
    libopencm3\lib\cm3\assert.c              0x00000000   Number         0  assert.o ABSOLUTE
    libopencm3\lib\cm3\nvic.c                0x00000000   Number         0  nvic.o ABSOLUTE
    libopencm3\lib\stm32\common\flash_common_f01.c 0x00000000   Number         0  flash_common_f01.o ABSOLUTE
    libopencm3\lib\stm32\common\gpio_common_all.c 0x00000000   Number         0  gpio_common_all.o ABSOLUTE
    libopencm3\lib\stm32\common\rcc_common_all.c 0x00000000   Number         0  rcc_common_all.o ABSOLUTE
    libopencm3\lib\stm32\common\st_usbfs_core.c 0x00000000   Number         0  st_usbfs_core.o ABSOLUTE
    libopencm3\lib\stm32\f1\flash.c          0x00000000   Number         0  flash.o ABSOLUTE
    libopencm3\lib\stm32\f1\gpio.c           0x00000000   Number         0  gpio.o ABSOLUTE
    libopencm3\lib\stm32\f1\rcc.c            0x00000000   Number         0  rcc.o ABSOLUTE
    libopencm3\lib\stm32\st_usbfs_v1.c       0x00000000   Number         0  st_usbfs_v1.o ABSOLUTE
    libopencm3\lib\usb\usb.c                 0x00000000   Number         0  usb.o ABSOLUTE
    libopencm3\lib\usb\usb_control.c         0x00000000   Number         0  usb_control.o ABSOLUTE
    libopencm3\lib\usb\usb_standard.c        0x00000000   Number         0  usb_standard.o ABSOLUTE
    main.c                                   0x00000000   Number         0  main.o ABSOLUTE
    src\target.c                             0x00000000   Number         0  target.o ABSOLUTE
    src\usb_setup.c                          0x00000000   Number         0  usb_setup.o ABSOLUTE
    RESET                                    0x08000000   Section      236  startup_stm32f10x_md.o(RESET)
    !!!main                                  0x080000ec   Section        8  __main.o(!!!main)
    !!!scatter                               0x080000f4   Section       52  __scatter.o(!!!scatter)
    !!handler_copy                           0x08000128   Section       26  __scatter_copy.o(!!handler_copy)
    !!handler_zi                             0x08000144   Section       28  __scatter_zi.o(!!handler_zi)
    .ARM.Collect$$libinit$$00000000          0x08000160   Section        2  libinit.o(.ARM.Collect$$libinit$$00000000)
    .ARM.Collect$$libinit$$00000002          0x08000162   Section        0  libinit2.o(.ARM.Collect$$libinit$$00000002)
    .ARM.Collect$$libinit$$00000004          0x08000162   Section        0  libinit2.o(.ARM.Collect$$libinit$$00000004)
    .ARM.Collect$$libinit$$0000000A          0x08000162   Section        0  libinit2.o(.ARM.Collect$$libinit$$0000000A)
    .ARM.Collect$$libinit$$0000000C          0x08000162   Section        0  libinit2.o(.ARM.Collect$$libinit$$0000000C)
    .ARM.Collect$$libinit$$0000000E          0x08000162   Section        0  libinit2.o(.ARM.Collect$$libinit$$0000000E)
    .ARM.Collect$$libinit$$00000011          0x08000162   Section        0  libinit2.o(.ARM.Collect$$libinit$$00000011)
    .ARM.Collect$$libinit$$00000013          0x08000162   Section        0  libinit2.o(.ARM.Collect$$libinit$$00000013)
    .ARM.Collect$$libinit$$00000015          0x08000162   Section        0  libinit2.o(.ARM.Collect$$libinit$$00000015)
    .ARM.Collect$$libinit$$00000017          0x08000162   Section        0  libinit2.o(.ARM.Collect$$libinit$$00000017)
    .ARM.Collect$$libinit$$00000019          0x08000162   Section        0  libinit2.o(.ARM.Collect$$libinit$$00000019)
    .ARM.Collect$$libinit$$0000001B          0x08000162   Section        0  libinit2.o(.ARM.Collect$$libinit$$0000001B)
    .ARM.Collect$$libinit$$0000001D          0x08000162   Section        0  libinit2.o(.ARM.Collect$$libinit$$0000001D)
    .ARM.Collect$$libinit$$0000001F          0x08000162   Section        0  libinit2.o(.ARM.Collect$$libinit$$0000001F)
    .ARM.Collect$$libinit$$00000021          0x08000162   Section        0  libinit2.o(.ARM.Collect$$libinit$$00000021)
    .ARM.Collect$$libinit$$00000023          0x08000162   Section        0  libinit2.o(.ARM.Collect$$libinit$$00000023)
    .ARM.Collect$$libinit$$00000025          0x08000162   Section        0  libinit2.o(.ARM.Collect$$libinit$$00000025)
    .ARM.Collect$$libinit$$0000002C          0x08000162   Section        0  libinit2.o(.ARM.Collect$$libinit$$0000002C)
    .ARM.Collect$$libinit$$0000002E          0x08000162   Section        0  libinit2.o(.ARM.Collect$$libinit$$0000002E)
    .ARM.Collect$$libinit$$00000030          0x08000162   Section        0  libinit2.o(.ARM.Collect$$libinit$$00000030)
    .ARM.Collect$$libinit$$00000032          0x08000162   Section        0  libinit2.o(.ARM.Collect$$libinit$$00000032)
    .ARM.Collect$$libinit$$00000033          0x08000162   Section        2  libinit2.o(.ARM.Collect$$libinit$$00000033)
    .ARM.Collect$$libshutdown$$00000000      0x08000164   Section        2  libshutdown.o(.ARM.Collect$$libshutdown$$00000000)
    .ARM.Collect$$libshutdown$$00000002      0x08000166   Section        0  libshutdown2.o(.ARM.Collect$$libshutdown$$00000002)
    .ARM.Collect$$libshutdown$$00000004      0x08000166   Section        0  libshutdown2.o(.ARM.Collect$$libshutdown$$00000004)
    .ARM.Collect$$libshutdown$$00000007      0x08000166   Section        0  libshutdown2.o(.ARM.Collect$$libshutdown$$00000007)
    .ARM.Collect$$libshutdown$$0000000A      0x08000166   Section        0  libshutdown2.o(.ARM.Collect$$libshutdown$$0000000A)
    .ARM.Collect$$libshutdown$$0000000C      0x08000166   Section        0  libshutdown2.o(.ARM.Collect$$libshutdown$$0000000C)
    .ARM.Collect$$libshutdown$$0000000F      0x08000166   Section        0  libshutdown2.o(.ARM.Collect$$libshutdown$$0000000F)
    .ARM.Collect$$libshutdown$$00000010      0x08000166   Section        2  libshutdown2.o(.ARM.Collect$$libshutdown$$00000010)
    .ARM.Collect$$rtentry$$00000000          0x08000168   Section        0  __rtentry.o(.ARM.Collect$$rtentry$$00000000)
    .ARM.Collect$$rtentry$$00000002          0x08000168   Section        0  __rtentry2.o(.ARM.Collect$$rtentry$$00000002)
    .ARM.Collect$$rtentry$$00000004          0x08000168   Section        6  __rtentry4.o(.ARM.Collect$$rtentry$$00000004)
    .ARM.Collect$$rtentry$$00000009          0x0800016e   Section        0  __rtentry2.o(.ARM.Collect$$rtentry$$00000009)
    .ARM.Collect$$rtentry$$0000000A          0x0800016e   Section        4  __rtentry2.o(.ARM.Collect$$rtentry$$0000000A)
    .ARM.Collect$$rtentry$$0000000C          0x08000172   Section        0  __rtentry2.o(.ARM.Collect$$rtentry$$0000000C)
    .ARM.Collect$$rtentry$$0000000D          0x08000172   Section        8  __rtentry2.o(.ARM.Collect$$rtentry$$0000000D)
    .ARM.Collect$$rtexit$$00000000           0x0800017a   Section        2  rtexit.o(.ARM.Collect$$rtexit$$00000000)
    .ARM.Collect$$rtexit$$00000002           0x0800017c   Section        0  rtexit2.o(.ARM.Collect$$rtexit$$00000002)
    .ARM.Collect$$rtexit$$00000003           0x0800017c   Section        4  rtexit2.o(.ARM.Collect$$rtexit$$00000003)
    .ARM.Collect$$rtexit$$00000004           0x08000180   Section        6  rtexit2.o(.ARM.Collect$$rtexit$$00000004)
    .text                                    0x08000188   Section       64  startup_stm32f10x_md.o(.text)
    .text                                    0x080001c8   Section        0  heapauxi.o(.text)
    .text                                    0x080001ce   Section       74  sys_stackheap_outer.o(.text)
    .text                                    0x08000218   Section        0  exit.o(.text)
    .text                                    0x0800022c   Section        8  libspace.o(.text)
    .text                                    0x08000234   Section        0  sys_exit.o(.text)
    .text                                    0x08000240   Section        2  use_no_semi.o(.text)
    .text                                    0x08000242   Section        0  indicate_semi.o(.text)
    i.SetSysClock                            0x08000242   Section        0  system_stm32f10x.o(i.SetSysClock)
    SetSysClock                              0x08000243   Thumb Code     8  system_stm32f10x.o(i.SetSysClock)
    i.SetSysClockTo72                        0x0800024c   Section        0  system_stm32f10x.o(i.SetSysClockTo72)
    SetSysClockTo72                          0x0800024d   Thumb Code   214  system_stm32f10x.o(i.SetSysClockTo72)
    i.SystemInit                             0x0800032c   Section        0  system_stm32f10x.o(i.SystemInit)
    i.clock_setup                            0x0800038c   Section        0  target.o(i.clock_setup)
    i.cpu_setup                              0x08000394   Section        0  target.o(i.cpu_setup)
    i.flash_set_ws                           0x080003c4   Section        0  flash_common_f01.o(i.flash_set_ws)
    i.gpio_clear                             0x080003d8   Section        0  gpio_common_all.o(i.gpio_clear)
    i.gpio_set_mode                          0x080003de   Section        0  gpio.o(i.gpio_set_mode)
    i.gpio_setup                             0x08000480   Section        0  target.o(i.gpio_setup)
    i.main                                   0x08000514   Section        0  main.o(i.main)
    i.rcc_clock_setup_in_hse_8mhz_out_72mhz  0x08000524   Section        0  rcc.o(i.rcc_clock_setup_in_hse_8mhz_out_72mhz)
    i.rcc_is_osc_ready                       0x080005b0   Section        0  rcc.o(i.rcc_is_osc_ready)
    i.rcc_osc_on                             0x08000610   Section        0  rcc.o(i.rcc_osc_on)
    i.rcc_periph_clock_enable                0x0800068c   Section        0  rcc_common_all.o(i.rcc_periph_clock_enable)
    i.rcc_set_adcpre                         0x080006ac   Section        0  rcc.o(i.rcc_set_adcpre)
    i.rcc_set_hpre                           0x080006c4   Section        0  rcc.o(i.rcc_set_hpre)
    i.rcc_set_mco                            0x080006dc   Section        0  rcc_common_all.o(i.rcc_set_mco)
    i.rcc_set_pll_multiplication_factor      0x080006f4   Section        0  rcc.o(i.rcc_set_pll_multiplication_factor)
    i.rcc_set_pll_source                     0x0800070c   Section        0  rcc.o(i.rcc_set_pll_source)
    i.rcc_set_pllxtpre                       0x08000724   Section        0  rcc.o(i.rcc_set_pllxtpre)
    i.rcc_set_ppre1                          0x0800073c   Section        0  rcc.o(i.rcc_set_ppre1)
    i.rcc_set_ppre2                          0x08000754   Section        0  rcc.o(i.rcc_set_ppre2)
    i.rcc_set_sysclk_source                  0x0800076c   Section        0  rcc.o(i.rcc_set_sysclk_source)
    i.rcc_wait_for_osc_ready                 0x08000780   Section        0  rcc.o(i.rcc_wait_for_osc_ready)
    .data                                    0x20000000   Section       12  rcc.o(.data)
    .bss                                     0x2000000c   Section       96  libspace.o(.bss)
    HEAP                                     0x20000070   Section      512  startup_stm32f10x_md.o(HEAP)
    Heap_Mem                                 0x20000070   Data         512  startup_stm32f10x_md.o(HEAP)
    STACK                                    0x20000270   Section     1024  startup_stm32f10x_md.o(STACK)
    Stack_Mem                                0x20000270   Data        1024  startup_stm32f10x_md.o(STACK)
    __initial_sp                             0x20000670   Data           0  startup_stm32f10x_md.o(STACK)

    Global Symbols

    Symbol Name                              Value     Ov Type        Size  Object(Section)

    BuildAttributes$$THM_ISAv4$P$D$K$B$S$PE$A:L22UL41UL21$X:L11$S22US41US21$IEEE1$IW$USESV6$~STKCKD$USESV7$~SHL$OSPACE$ROPI$EBA8$UX$STANDARDLIB$REQ8$PRES8$EABIv2 0x00000000   Number         0  anon$$obj.o ABSOLUTE
    __ARM_use_no_argv                        0x00000000   Number         0  main.o ABSOLUTE
    __ARM_exceptions_init                     - Undefined Weak Reference
    __alloca_initialize                       - Undefined Weak Reference
    __arm_preinit_                            - Undefined Weak Reference
    __cpp_initialize__aeabi_                  - Undefined Weak Reference
    __cxa_finalize                            - Undefined Weak Reference
    __rt_locale                               - Undefined Weak Reference
    __sigvec_lookup                           - Undefined Weak Reference
    _atexit_init                              - Undefined Weak Reference
    _call_atexit_fns                          - Undefined Weak Reference
    _clock_init                               - Undefined Weak Reference
    _fp_trap_init                             - Undefined Weak Reference
    _fp_trap_shutdown                         - Undefined Weak Reference
    _get_lc_collate                           - Undefined Weak Reference
    _get_lc_ctype                             - Undefined Weak Reference
    _get_lc_monetary                          - Undefined Weak Reference
    _get_lc_numeric                           - Undefined Weak Reference
    _get_lc_time                              - Undefined Weak Reference
    _getenv_init                              - Undefined Weak Reference
    _handle_redirection                       - Undefined Weak Reference
    _init_alloc                               - Undefined Weak Reference
    _init_user_alloc                          - Undefined Weak Reference
    _initio                                   - Undefined Weak Reference
    _rand_init                                - Undefined Weak Reference
    _signal_finish                            - Undefined Weak Reference
    _signal_init                              - Undefined Weak Reference
    _terminate_alloc                          - Undefined Weak Reference
    _terminate_user_alloc                     - Undefined Weak Reference
    _terminateio                              - Undefined Weak Reference
    __Vectors_Size                           0x000000ec   Number         0  startup_stm32f10x_md.o ABSOLUTE
    __Vectors                                0x08000000   Data           4  startup_stm32f10x_md.o(RESET)
    __Vectors_End                            0x080000ec   Data           0  startup_stm32f10x_md.o(RESET)
    __main                                   0x080000ed   Thumb Code     8  __main.o(!!!main)
    __scatterload                            0x080000f5   Thumb Code     0  __scatter.o(!!!scatter)
    __scatterload_rt2                        0x080000f5   Thumb Code    44  __scatter.o(!!!scatter)
    __scatterload_rt2_thumb_only             0x080000f5   Thumb Code     0  __scatter.o(!!!scatter)
    __scatterload_null                       0x08000103   Thumb Code     0  __scatter.o(!!!scatter)
    __scatterload_copy                       0x08000129   Thumb Code    26  __scatter_copy.o(!!handler_copy)
    __scatterload_zeroinit                   0x08000145   Thumb Code    28  __scatter_zi.o(!!handler_zi)
    __rt_lib_init                            0x08000161   Thumb Code     0  libinit.o(.ARM.Collect$$libinit$$00000000)
    __rt_lib_init_alloca_1                   0x08000163   Thumb Code     0  libinit2.o(.ARM.Collect$$libinit$$0000002E)
    __rt_lib_init_argv_1                     0x08000163   Thumb Code     0  libinit2.o(.ARM.Collect$$libinit$$0000002C)
    __rt_lib_init_atexit_1                   0x08000163   Thumb Code     0  libinit2.o(.ARM.Collect$$libinit$$0000001B)
    __rt_lib_init_clock_1                    0x08000163   Thumb Code     0  libinit2.o(.ARM.Collect$$libinit$$00000021)
    __rt_lib_init_cpp_1                      0x08000163   Thumb Code     0  libinit2.o(.ARM.Collect$$libinit$$00000032)
    __rt_lib_init_exceptions_1               0x08000163   Thumb Code     0  libinit2.o(.ARM.Collect$$libinit$$00000030)
    __rt_lib_init_fp_1                       0x08000163   Thumb Code     0  libinit2.o(.ARM.Collect$$libinit$$00000002)
    __rt_lib_init_fp_trap_1                  0x08000163   Thumb Code     0  libinit2.o(.ARM.Collect$$libinit$$0000001F)
    __rt_lib_init_getenv_1                   0x08000163   Thumb Code     0  libinit2.o(.ARM.Collect$$libinit$$00000023)
    __rt_lib_init_heap_1                     0x08000163   Thumb Code     0  libinit2.o(.ARM.Collect$$libinit$$0000000A)
    __rt_lib_init_lc_collate_1               0x08000163   Thumb Code     0  libinit2.o(.ARM.Collect$$libinit$$00000011)
    __rt_lib_init_lc_ctype_1                 0x08000163   Thumb Code     0  libinit2.o(.ARM.Collect$$libinit$$00000013)
    __rt_lib_init_lc_monetary_1              0x08000163   Thumb Code     0  libinit2.o(.ARM.Collect$$libinit$$00000015)
    __rt_lib_init_lc_numeric_1               0x08000163   Thumb Code     0  libinit2.o(.ARM.Collect$$libinit$$00000017)
    __rt_lib_init_lc_time_1                  0x08000163   Thumb Code     0  libinit2.o(.ARM.Collect$$libinit$$00000019)
    __rt_lib_init_preinit_1                  0x08000163   Thumb Code     0  libinit2.o(.ARM.Collect$$libinit$$00000004)
    __rt_lib_init_rand_1                     0x08000163   Thumb Code     0  libinit2.o(.ARM.Collect$$libinit$$0000000E)
    __rt_lib_init_return                     0x08000163   Thumb Code     0  libinit2.o(.ARM.Collect$$libinit$$00000033)
    __rt_lib_init_signal_1                   0x08000163   Thumb Code     0  libinit2.o(.ARM.Collect$$libinit$$0000001D)
    __rt_lib_init_stdio_1                    0x08000163   Thumb Code     0  libinit2.o(.ARM.Collect$$libinit$$00000025)
    __rt_lib_init_user_alloc_1               0x08000163   Thumb Code     0  libinit2.o(.ARM.Collect$$libinit$$0000000C)
    __rt_lib_shutdown                        0x08000165   Thumb Code     0  libshutdown.o(.ARM.Collect$$libshutdown$$00000000)
    __rt_lib_shutdown_cpp_1                  0x08000167   Thumb Code     0  libshutdown2.o(.ARM.Collect$$libshutdown$$00000002)
    __rt_lib_shutdown_fp_trap_1              0x08000167   Thumb Code     0  libshutdown2.o(.ARM.Collect$$libshutdown$$00000007)
    __rt_lib_shutdown_heap_1                 0x08000167   Thumb Code     0  libshutdown2.o(.ARM.Collect$$libshutdown$$0000000F)
    __rt_lib_shutdown_return                 0x08000167   Thumb Code     0  libshutdown2.o(.ARM.Collect$$libshutdown$$00000010)
    __rt_lib_shutdown_signal_1               0x08000167   Thumb Code     0  libshutdown2.o(.ARM.Collect$$libshutdown$$0000000A)
    __rt_lib_shutdown_stdio_1                0x08000167   Thumb Code     0  libshutdown2.o(.ARM.Collect$$libshutdown$$00000004)
    __rt_lib_shutdown_user_alloc_1           0x08000167   Thumb Code     0  libshutdown2.o(.ARM.Collect$$libshutdown$$0000000C)
    __rt_entry                               0x08000169   Thumb Code     0  __rtentry.o(.ARM.Collect$$rtentry$$00000000)
    __rt_entry_presh_1                       0x08000169   Thumb Code     0  __rtentry2.o(.ARM.Collect$$rtentry$$00000002)
    __rt_entry_sh                            0x08000169   Thumb Code     0  __rtentry4.o(.ARM.Collect$$rtentry$$00000004)
    __rt_entry_li                            0x0800016f   Thumb Code     0  __rtentry2.o(.ARM.Collect$$rtentry$$0000000A)
    __rt_entry_postsh_1                      0x0800016f   Thumb Code     0  __rtentry2.o(.ARM.Collect$$rtentry$$00000009)
    __rt_entry_main                          0x08000173   Thumb Code     0  __rtentry2.o(.ARM.Collect$$rtentry$$0000000D)
    __rt_entry_postli_1                      0x08000173   Thumb Code     0  __rtentry2.o(.ARM.Collect$$rtentry$$0000000C)
    __rt_exit                                0x0800017b   Thumb Code     0  rtexit.o(.ARM.Collect$$rtexit$$00000000)
    __rt_exit_ls                             0x0800017d   Thumb Code     0  rtexit2.o(.ARM.Collect$$rtexit$$00000003)
    __rt_exit_prels_1                        0x0800017d   Thumb Code     0  rtexit2.o(.ARM.Collect$$rtexit$$00000002)
    __rt_exit_exit                           0x08000181   Thumb Code     0  rtexit2.o(.ARM.Collect$$rtexit$$00000004)
    Reset_Handler                            0x08000189   Thumb Code     8  startup_stm32f10x_md.o(.text)
    NMI_Handler                              0x08000191   Thumb Code     2  startup_stm32f10x_md.o(.text)
    HardFault_Handler                        0x08000193   Thumb Code     2  startup_stm32f10x_md.o(.text)
    MemManage_Handler                        0x08000195   Thumb Code     2  startup_stm32f10x_md.o(.text)
    BusFault_Handler                         0x08000197   Thumb Code     2  startup_stm32f10x_md.o(.text)
    UsageFault_Handler                       0x08000199   Thumb Code     2  startup_stm32f10x_md.o(.text)
    SVC_Handler                              0x0800019b   Thumb Code     2  startup_stm32f10x_md.o(.text)
    DebugMon_Handler                         0x0800019d   Thumb Code     2  startup_stm32f10x_md.o(.text)
    PendSV_Handler                           0x0800019f   Thumb Code     2  startup_stm32f10x_md.o(.text)
    SysTick_Handler                          0x080001a1   Thumb Code     2  startup_stm32f10x_md.o(.text)
    ADC1_2_IRQHandler                        0x080001a3   Thumb Code     0  startup_stm32f10x_md.o(.text)
    CAN1_RX1_IRQHandler                      0x080001a3   Thumb Code     0  startup_stm32f10x_md.o(.text)
    CAN1_SCE_IRQHandler                      0x080001a3   Thumb Code     0  startup_stm32f10x_md.o(.text)
    DMA1_Channel1_IRQHandler                 0x080001a3   Thumb Code     0  startup_stm32f10x_md.o(.text)
    DMA1_Channel2_IRQHandler                 0x080001a3   Thumb Code     0  startup_stm32f10x_md.o(.text)
    DMA1_Channel3_IRQHandler                 0x080001a3   Thumb Code     0  startup_stm32f10x_md.o(.text)
    DMA1_Channel4_IRQHandler                 0x080001a3   Thumb Code     0  startup_stm32f10x_md.o(.text)
    DMA1_Channel5_IRQHandler                 0x080001a3   Thumb Code     0  startup_stm32f10x_md.o(.text)
    DMA1_Channel6_IRQHandler                 0x080001a3   Thumb Code     0  startup_stm32f10x_md.o(.text)
    DMA1_Channel7_IRQHandler                 0x080001a3   Thumb Code     0  startup_stm32f10x_md.o(.text)
    EXTI0_IRQHandler                         0x080001a3   Thumb Code     0  startup_stm32f10x_md.o(.text)
    EXTI15_10_IRQHandler                     0x080001a3   Thumb Code     0  startup_stm32f10x_md.o(.text)
    EXTI1_IRQHandler                         0x080001a3   Thumb Code     0  startup_stm32f10x_md.o(.text)
    EXTI2_IRQHandler                         0x080001a3   Thumb Code     0  startup_stm32f10x_md.o(.text)
    EXTI3_IRQHandler                         0x080001a3   Thumb Code     0  startup_stm32f10x_md.o(.text)
    EXTI4_IRQHandler                         0x080001a3   Thumb Code     0  startup_stm32f10x_md.o(.text)
    EXTI9_5_IRQHandler                       0x080001a3   Thumb Code     0  startup_stm32f10x_md.o(.text)
    FLASH_IRQHandler                         0x080001a3   Thumb Code     0  startup_stm32f10x_md.o(.text)
    I2C1_ER_IRQHandler                       0x080001a3   Thumb Code     0  startup_stm32f10x_md.o(.text)
    I2C1_EV_IRQHandler                       0x080001a3   Thumb Code     0  startup_stm32f10x_md.o(.text)
    I2C2_ER_IRQHandler                       0x080001a3   Thumb Code     0  startup_stm32f10x_md.o(.text)
    I2C2_EV_IRQHandler                       0x080001a3   Thumb Code     0  startup_stm32f10x_md.o(.text)
    PVD_IRQHandler                           0x080001a3   Thumb Code     0  startup_stm32f10x_md.o(.text)
    RCC_IRQHandler                           0x080001a3   Thumb Code     0  startup_stm32f10x_md.o(.text)
    RTCAlarm_IRQHandler                      0x080001a3   Thumb Code     0  startup_stm32f10x_md.o(.text)
    RTC_IRQHandler                           0x080001a3   Thumb Code     0  startup_stm32f10x_md.o(.text)
    SPI1_IRQHandler                          0x080001a3   Thumb Code     0  startup_stm32f10x_md.o(.text)
    SPI2_IRQHandler                          0x080001a3   Thumb Code     0  startup_stm32f10x_md.o(.text)
    TAMPER_IRQHandler                        0x080001a3   Thumb Code     0  startup_stm32f10x_md.o(.text)
    TIM1_BRK_IRQHandler                      0x080001a3   Thumb Code     0  startup_stm32f10x_md.o(.text)
    TIM1_CC_IRQHandler                       0x080001a3   Thumb Code     0  startup_stm32f10x_md.o(.text)
    TIM1_TRG_COM_IRQHandler                  0x080001a3   Thumb Code     0  startup_stm32f10x_md.o(.text)
    TIM1_UP_IRQHandler                       0x080001a3   Thumb Code     0  startup_stm32f10x_md.o(.text)
    TIM2_IRQHandler                          0x080001a3   Thumb Code     0  startup_stm32f10x_md.o(.text)
    TIM3_IRQHandler                          0x080001a3   Thumb Code     0  startup_stm32f10x_md.o(.text)
    TIM4_IRQHandler                          0x080001a3   Thumb Code     0  startup_stm32f10x_md.o(.text)
    USART1_IRQHandler                        0x080001a3   Thumb Code     0  startup_stm32f10x_md.o(.text)
    USART2_IRQHandler                        0x080001a3   Thumb Code     0  startup_stm32f10x_md.o(.text)
    USART3_IRQHandler                        0x080001a3   Thumb Code     0  startup_stm32f10x_md.o(.text)
    USBWakeUp_IRQHandler                     0x080001a3   Thumb Code     0  startup_stm32f10x_md.o(.text)
    USB_HP_CAN1_TX_IRQHandler                0x080001a3   Thumb Code     0  startup_stm32f10x_md.o(.text)
    USB_LP_CAN1_RX0_IRQHandler               0x080001a3   Thumb Code     0  startup_stm32f10x_md.o(.text)
    WWDG_IRQHandler                          0x080001a3   Thumb Code     0  startup_stm32f10x_md.o(.text)
    __user_initial_stackheap                 0x080001a5   Thumb Code     0  startup_stm32f10x_md.o(.text)
    __use_two_region_memory                  0x080001c9   Thumb Code     2  heapauxi.o(.text)
    __rt_heap_escrow$2region                 0x080001cb   Thumb Code     2  heapauxi.o(.text)
    __rt_heap_expand$2region                 0x080001cd   Thumb Code     2  heapauxi.o(.text)
    __user_setup_stackheap                   0x080001cf   Thumb Code    74  sys_stackheap_outer.o(.text)
    exit                                     0x08000219   Thumb Code    18  exit.o(.text)
    __user_libspace                          0x0800022d   Thumb Code     8  libspace.o(.text)
    __user_perproc_libspace                  0x0800022d   Thumb Code     0  libspace.o(.text)
    __user_perthread_libspace                0x0800022d   Thumb Code     0  libspace.o(.text)
    _sys_exit                                0x08000235   Thumb Code     8  sys_exit.o(.text)
    __I$use$semihosting                      0x08000241   Thumb Code     0  use_no_semi.o(.text)
    __use_no_semihosting_swi                 0x08000241   Thumb Code     2  use_no_semi.o(.text)
    __semihosting_library_function           0x08000243   Thumb Code     0  indicate_semi.o(.text)
    SystemInit                               0x0800032d   Thumb Code    78  system_stm32f10x.o(i.SystemInit)
    clock_setup                              0x0800038d   Thumb Code     8  target.o(i.clock_setup)
    cpu_setup                                0x08000395   Thumb Code    38  target.o(i.cpu_setup)
    flash_set_ws                             0x080003c5   Thumb Code    16  flash_common_f01.o(i.flash_set_ws)
    gpio_clear                               0x080003d9   Thumb Code     6  gpio_common_all.o(i.gpio_clear)
    gpio_set_mode                            0x080003df   Thumb Code   160  gpio.o(i.gpio_set_mode)
    gpio_setup                               0x08000481   Thumb Code   134  target.o(i.gpio_setup)
    main                                     0x08000515   Thumb Code    16  main.o(i.main)
    rcc_clock_setup_in_hse_8mhz_out_72mhz    0x08000525   Thumb Code   124  rcc.o(i.rcc_clock_setup_in_hse_8mhz_out_72mhz)
    rcc_is_osc_ready                         0x080005b1   Thumb Code    92  rcc.o(i.rcc_is_osc_ready)
    rcc_osc_on                               0x08000611   Thumb Code   118  rcc.o(i.rcc_osc_on)
    rcc_periph_clock_enable                  0x0800068d   Thumb Code    28  rcc_common_all.o(i.rcc_periph_clock_enable)
    rcc_set_adcpre                           0x080006ad   Thumb Code    18  rcc.o(i.rcc_set_adcpre)
    rcc_set_hpre                             0x080006c5   Thumb Code    18  rcc.o(i.rcc_set_hpre)
    rcc_set_mco                              0x080006dd   Thumb Code    18  rcc_common_all.o(i.rcc_set_mco)
    rcc_set_pll_multiplication_factor        0x080006f5   Thumb Code    18  rcc.o(i.rcc_set_pll_multiplication_factor)
    rcc_set_pll_source                       0x0800070d   Thumb Code    18  rcc.o(i.rcc_set_pll_source)
    rcc_set_pllxtpre                         0x08000725   Thumb Code    18  rcc.o(i.rcc_set_pllxtpre)
    rcc_set_ppre1                            0x0800073d   Thumb Code    18  rcc.o(i.rcc_set_ppre1)
    rcc_set_ppre2                            0x08000755   Thumb Code    18  rcc.o(i.rcc_set_ppre2)
    rcc_set_sysclk_source                    0x0800076d   Thumb Code    16  rcc.o(i.rcc_set_sysclk_source)
    rcc_wait_for_osc_ready                   0x08000781   Thumb Code    18  rcc.o(i.rcc_wait_for_osc_ready)
    Region$$Table$$Base                      0x08000794   Number         0  anon$$obj.o(Region$$Table)
    Region$$Table$$Limit                     0x080007b4   Number         0  anon$$obj.o(Region$$Table)
    rcc_apb1_frequency                       0x20000000   Data           4  rcc.o(.data)
    rcc_apb2_frequency                       0x20000004   Data           4  rcc.o(.data)
    rcc_ahb_frequency                        0x20000008   Data           4  rcc.o(.data)
    __libspace_start                         0x2000000c   Data          96  libspace.o(.bss)
    __temporary_stack_top$libspace           0x2000006c   Data           0  libspace.o(.bss)



==============================================================================

Memory Map of the image

  Image Entry point : 0x08000189

  Load Region LR_1 (Base: 0x08000000, Size: 0x000007c0, Max: 0xffffffff, ABSOLUTE)

    Execution Region ER_RO (Exec base: 0x08000000, Load base: 0x08000000, Size: 0x000007b4, Max: 0xffffffff, ABSOLUTE)

    Exec Addr    Load Addr    Size         Type   Attr      Idx    E Section Name        Object

    0x08000000   0x08000000   0x000000ec   Data   RO         1212    RESET               startup_stm32f10x_md.o
    0x080000ec   0x080000ec   0x00000008   Code   RO         1288  * !!!main             c_w.l(__main.o)
    0x080000f4   0x080000f4   0x00000034   Code   RO         1447    !!!scatter          c_w.l(__scatter.o)
    0x08000128   0x08000128   0x0000001a   Code   RO         1449    !!handler_copy      c_w.l(__scatter_copy.o)
    0x08000142   0x08000142   0x00000002   PAD
    0x08000144   0x08000144   0x0000001c   Code   RO         1451    !!handler_zi        c_w.l(__scatter_zi.o)
    0x08000160   0x08000160   0x00000002   Code   RO         1317    .ARM.Collect$$libinit$$00000000  c_w.l(libinit.o)
    0x08000162   0x08000162   0x00000000   Code   RO         1324    .ARM.Collect$$libinit$$00000002  c_w.l(libinit2.o)
    0x08000162   0x08000162   0x00000000   Code   RO         1326    .ARM.Collect$$libinit$$00000004  c_w.l(libinit2.o)
    0x08000162   0x08000162   0x00000000   Code   RO         1329    .ARM.Collect$$libinit$$0000000A  c_w.l(libinit2.o)
    0x08000162   0x08000162   0x00000000   Code   RO         1331    .ARM.Collect$$libinit$$0000000C  c_w.l(libinit2.o)
    0x08000162   0x08000162   0x00000000   Code   RO         1333    .ARM.Collect$$libinit$$0000000E  c_w.l(libinit2.o)
    0x08000162   0x08000162   0x00000000   Code   RO         1336    .ARM.Collect$$libinit$$00000011  c_w.l(libinit2.o)
    0x08000162   0x08000162   0x00000000   Code   RO         1338    .ARM.Collect$$libinit$$00000013  c_w.l(libinit2.o)
    0x08000162   0x08000162   0x00000000   Code   RO         1340    .ARM.Collect$$libinit$$00000015  c_w.l(libinit2.o)
    0x08000162   0x08000162   0x00000000   Code   RO         1342    .ARM.Collect$$libinit$$00000017  c_w.l(libinit2.o)
    0x08000162   0x08000162   0x00000000   Code   RO         1344    .ARM.Collect$$libinit$$00000019  c_w.l(libinit2.o)
    0x08000162   0x08000162   0x00000000   Code   RO         1346    .ARM.Collect$$libinit$$0000001B  c_w.l(libinit2.o)
    0x08000162   0x08000162   0x00000000   Code   RO         1348    .ARM.Collect$$libinit$$0000001D  c_w.l(libinit2.o)
    0x08000162   0x08000162   0x00000000   Code   RO         1350    .ARM.Collect$$libinit$$0000001F  c_w.l(libinit2.o)
    0x08000162   0x08000162   0x00000000   Code   RO         1352    .ARM.Collect$$libinit$$00000021  c_w.l(libinit2.o)
    0x08000162   0x08000162   0x00000000   Code   RO         1354    .ARM.Collect$$libinit$$00000023  c_w.l(libinit2.o)
    0x08000162   0x08000162   0x00000000   Code   RO         1356    .ARM.Collect$$libinit$$00000025  c_w.l(libinit2.o)
    0x08000162   0x08000162   0x00000000   Code   RO         1360    .ARM.Collect$$libinit$$0000002C  c_w.l(libinit2.o)
    0x08000162   0x08000162   0x00000000   Code   RO         1362    .ARM.Collect$$libinit$$0000002E  c_w.l(libinit2.o)
    0x08000162   0x08000162   0x00000000   Code   RO         1364    .ARM.Collect$$libinit$$00000030  c_w.l(libinit2.o)
    0x08000162   0x08000162   0x00000000   Code   RO         1366    .ARM.Collect$$libinit$$00000032  c_w.l(libinit2.o)
    0x08000162   0x08000162   0x00000002   Code   RO         1367    .ARM.Collect$$libinit$$00000033  c_w.l(libinit2.o)
    0x08000164   0x08000164   0x00000002   Code   RO         1387    .ARM.Collect$$libshutdown$$00000000  c_w.l(libshutdown.o)
    0x08000166   0x08000166   0x00000000   Code   RO         1400    .ARM.Collect$$libshutdown$$00000002  c_w.l(libshutdown2.o)
    0x08000166   0x08000166   0x00000000   Code   RO         1402    .ARM.Collect$$libshutdown$$00000004  c_w.l(libshutdown2.o)
    0x08000166   0x08000166   0x00000000   Code   RO         1405    .ARM.Collect$$libshutdown$$00000007  c_w.l(libshutdown2.o)
    0x08000166   0x08000166   0x00000000   Code   RO         1408    .ARM.Collect$$libshutdown$$0000000A  c_w.l(libshutdown2.o)
    0x08000166   0x08000166   0x00000000   Code   RO         1410    .ARM.Collect$$libshutdown$$0000000C  c_w.l(libshutdown2.o)
    0x08000166   0x08000166   0x00000000   Code   RO         1413    .ARM.Collect$$libshutdown$$0000000F  c_w.l(libshutdown2.o)
    0x08000166   0x08000166   0x00000002   Code   RO         1414    .ARM.Collect$$libshutdown$$00000010  c_w.l(libshutdown2.o)
    0x08000168   0x08000168   0x00000000   Code   RO         1290    .ARM.Collect$$rtentry$$00000000  c_w.l(__rtentry.o)
    0x08000168   0x08000168   0x00000000   Code   RO         1294    .ARM.Collect$$rtentry$$00000002  c_w.l(__rtentry2.o)
    0x08000168   0x08000168   0x00000006   Code   RO         1306    .ARM.Collect$$rtentry$$00000004  c_w.l(__rtentry4.o)
    0x0800016e   0x0800016e   0x00000000   Code   RO         1296    .ARM.Collect$$rtentry$$00000009  c_w.l(__rtentry2.o)
    0x0800016e   0x0800016e   0x00000004   Code   RO         1297    .ARM.Collect$$rtentry$$0000000A  c_w.l(__rtentry2.o)
    0x08000172   0x08000172   0x00000000   Code   RO         1299    .ARM.Collect$$rtentry$$0000000C  c_w.l(__rtentry2.o)
    0x08000172   0x08000172   0x00000008   Code   RO         1300    .ARM.Collect$$rtentry$$0000000D  c_w.l(__rtentry2.o)
    0x0800017a   0x0800017a   0x00000002   Code   RO         1321    .ARM.Collect$$rtexit$$00000000  c_w.l(rtexit.o)
    0x0800017c   0x0800017c   0x00000000   Code   RO         1369    .ARM.Collect$$rtexit$$00000002  c_w.l(rtexit2.o)
    0x0800017c   0x0800017c   0x00000004   Code   RO         1370    .ARM.Collect$$rtexit$$00000003  c_w.l(rtexit2.o)
    0x08000180   0x08000180   0x00000006   Code   RO         1371    .ARM.Collect$$rtexit$$00000004  c_w.l(rtexit2.o)
    0x08000186   0x08000186   0x00000002   PAD
    0x08000188   0x08000188   0x00000040   Code   RO         1213  * .text               startup_stm32f10x_md.o
    0x080001c8   0x080001c8   0x00000006   Code   RO         1286    .text               c_w.l(heapauxi.o)
    0x080001ce   0x080001ce   0x0000004a   Code   RO         1308    .text               c_w.l(sys_stackheap_outer.o)
    0x08000218   0x08000218   0x00000012   Code   RO         1310    .text               c_w.l(exit.o)
    0x0800022a   0x0800022a   0x00000002   PAD
    0x0800022c   0x0800022c   0x00000008   Code   RO         1318    .text               c_w.l(libspace.o)
    0x08000234   0x08000234   0x0000000c   Code   RO         1379    .text               c_w.l(sys_exit.o)
    0x08000240   0x08000240   0x00000002   Code   RO         1390    .text               c_w.l(use_no_semi.o)
    0x08000242   0x08000242   0x00000000   Code   RO         1392    .text               c_w.l(indicate_semi.o)
    0x08000242   0x08000242   0x00000008   Code   RO         1221    i.SetSysClock       system_stm32f10x.o
    0x0800024a   0x0800024a   0x00000002   PAD
    0x0800024c   0x0800024c   0x000000e0   Code   RO         1222    i.SetSysClockTo72   system_stm32f10x.o
    0x0800032c   0x0800032c   0x00000060   Code   RO         1224    i.SystemInit        system_stm32f10x.o
    0x0800038c   0x0800038c   0x00000008   Code   RO           24    i.clock_setup       target.o
    0x08000394   0x08000394   0x00000030   Code   RO           25    i.cpu_setup         target.o
    0x080003c4   0x080003c4   0x00000014   Code   RO          608    i.flash_set_ws      flash_common_f01.o
    0x080003d8   0x080003d8   0x00000006   Code   RO          454    i.gpio_clear        gpio_common_all.o
    0x080003de   0x080003de   0x000000a0   Code   RO          118    i.gpio_set_mode     gpio.o
    0x0800047e   0x0800047e   0x00000002   PAD
    0x08000480   0x08000480   0x00000094   Code   RO           26    i.gpio_setup        target.o
    0x08000514   0x08000514   0x00000010   Code   RO            1    i.main              main.o
    0x08000524   0x08000524   0x0000008c   Code   RO          150    i.rcc_clock_setup_in_hse_8mhz_out_72mhz  rcc.o
    0x080005b0   0x080005b0   0x00000060   Code   RO          159    i.rcc_is_osc_ready  rcc.o
    0x08000610   0x08000610   0x0000007c   Code   RO          161    i.rcc_osc_on        rcc.o
    0x0800068c   0x0800068c   0x00000020   Code   RO          505    i.rcc_periph_clock_enable  rcc_common_all.o
    0x080006ac   0x080006ac   0x00000018   Code   RO          167    i.rcc_set_adcpre    rcc.o
    0x080006c4   0x080006c4   0x00000018   Code   RO          168    i.rcc_set_hpre      rcc.o
    0x080006dc   0x080006dc   0x00000018   Code   RO          513    i.rcc_set_mco       rcc_common_all.o
    0x080006f4   0x080006f4   0x00000018   Code   RO          171    i.rcc_set_pll_multiplication_factor  rcc.o
    0x0800070c   0x0800070c   0x00000018   Code   RO          172    i.rcc_set_pll_source  rcc.o
    0x08000724   0x08000724   0x00000018   Code   RO          173    i.rcc_set_pllxtpre  rcc.o
    0x0800073c   0x0800073c   0x00000018   Code   RO          174    i.rcc_set_ppre1     rcc.o
    0x08000754   0x08000754   0x00000018   Code   RO          175    i.rcc_set_ppre2     rcc.o
    0x0800076c   0x0800076c   0x00000014   Code   RO          180    i.rcc_set_sysclk_source  rcc.o
    0x08000780   0x08000780   0x00000012   Code   RO          183    i.rcc_wait_for_osc_ready  rcc.o
    0x08000792   0x08000792   0x00000002   PAD
    0x08000794   0x08000794   0x00000020   Data   RO         1445    Region$$Table       anon$$obj.o


    Execution Region ER_RW (Exec base: 0x20000000, Load base: 0x080007b4, Size: 0x0000000c, Max: 0xffffffff, ABSOLUTE)

    Exec Addr    Load Addr    Size         Type   Attr      Idx    E Section Name        Object

    0x20000000   0x080007b4   0x0000000c   Data   RW          184    .data               rcc.o


    Execution Region ER_ZI (Exec base: 0x2000000c, Load base: 0x080007c0, Size: 0x00000664, Max: 0xffffffff, ABSOLUTE)

    Exec Addr    Load Addr    Size         Type   Attr      Idx    E Section Name        Object

    0x2000000c        -       0x00000060   Zero   RW         1319    .bss                c_w.l(libspace.o)
    0x2000006c   0x080007c0   0x00000004   PAD
    0x20000070        -       0x00000200   Zero   RW         1211    HEAP                startup_stm32f10x_md.o
    0x20000270        -       0x00000400   Zero   RW         1210    STACK               startup_stm32f10x_md.o


==============================================================================

Image component sizes


      Code (inc. data)   RO Data    RW Data    ZI Data      Debug   Object Name

        20          4          0          0          0        487   flash_common_f01.o
       160          0          0          0          0        832   gpio.o
         6          0          0          0          0        525   gpio_common_all.o
        16          0          0          0          0       4903   main.o
       566         88          0         12          0      18251   rcc.o
        56         10          0          0          0        996   rcc_common_all.o
        64         26        236          0       1536        844   startup_stm32f10x_md.o
       328         28          0          0          0       1957   system_stm32f10x.o
       204         24          0          0          0      13901   target.o

    ----------------------------------------------------------------------
      1426        180        268         12       1536      42696   Object Totals
         0          0         32          0          0          0   (incl. Generated)
         6          0          0          0          0          0   (incl. Padding)

    ----------------------------------------------------------------------

      Code (inc. data)   RO Data    RW Data    ZI Data      Debug   Library Member Name

         8          0          0          0          0         68   __main.o
         0          0          0          0          0          0   __rtentry.o
        12          0          0          0          0          0   __rtentry2.o
         6          0          0          0          0          0   __rtentry4.o
        52          8          0          0          0          0   __scatter.o
        26          0          0          0          0          0   __scatter_copy.o
        28          0          0          0          0          0   __scatter_zi.o
        18          0          0          0          0         80   exit.o
         6          0          0          0          0        152   heapauxi.o
         0          0          0          0          0          0   indicate_semi.o
         2          0          0          0          0          0   libinit.o
         2          0          0          0          0          0   libinit2.o
         2          0          0          0          0          0   libshutdown.o
         2          0          0          0          0          0   libshutdown2.o
         8          4          0          0         96         68   libspace.o
         2          0          0          0          0          0   rtexit.o
        10          0          0          0          0          0   rtexit2.o
        12          4          0          0          0         68   sys_exit.o
        74          0          0          0          0         80   sys_stackheap_outer.o
         2          0          0          0          0         68   use_no_semi.o

    ----------------------------------------------------------------------
       278         16          0          0        100        584   Library Totals
         6          0          0          0          4          0   (incl. Padding)

    ----------------------------------------------------------------------

      Code (inc. data)   RO Data    RW Data    ZI Data      Debug   Library Name

       272         16          0          0         96        584   c_w.l

    ----------------------------------------------------------------------
       278         16          0          0        100        584   Library Totals

    ----------------------------------------------------------------------

==============================================================================


      Code (inc. data)   RO Data    RW Data    ZI Data      Debug   

      1704        196        268         12       1636      42028   Grand Totals
      1704        196        268         12       1636      42028   ELF Image Totals
      1704        196        268         12          0          0   ROM Totals

==============================================================================

    Total RO  Size (Code + RO Data)                 1972 (   1.93kB)
    Total RW  Size (RW Data + ZI Data)              1648 (   1.61kB)
    Total ROM Size (Code + RO Data + RW Data)       1984 (   1.94kB)

==============================================================================

